Drawable.hpp:134:23:virtual touchgfx::Drawable* touchgfx::Drawable::getFirstChild()	0	static
Drawable.hpp:271:18:virtual void touchgfx::Drawable::setX(int16_t)	0	static
Drawable.hpp:283:18:virtual void touchgfx::Drawable::setY(int16_t)	0	static
Drawable.hpp:312:18:virtual void touchgfx::Drawable::setWidth(int16_t)	0	static
Drawable.hpp:324:18:virtual void touchgfx::Drawable::setHeight(int16_t)	0	static
Drawable.hpp:334:18:virtual void touchgfx::Drawable::childGeometryChanged()	0	static
Drawable.hpp:345:18:virtual void touchgfx::Drawable::handleClickEvent(const touchgfx::ClickEvent&)	0	static
Drawable.hpp:356:18:virtual void touchgfx::Drawable::handleGestureEvent(const touchgfx::GestureEvent&)	0	static
Drawable.hpp:444:18:virtual void touchgfx::Drawable::handleDragEvent(const touchgfx::DragEvent&)	0	static
Drawable.hpp:454:18:virtual void touchgfx::Drawable::handleTickEvent()	0	static
Drawable.hpp:541:18:virtual void touchgfx::Drawable::moveTo(int16_t, int16_t)	4	static
Drawable.hpp:656:18:virtual void touchgfx::Drawable::setupDrawChain(const touchgfx::Rect&, touchgfx::Drawable**)	0	static
Screen.hpp:96:18:virtual void touchgfx::Screen::setupScreen()	0	static
Screen.hpp:107:18:virtual void touchgfx::Screen::afterTransition()	0	static
Screen.hpp:118:18:virtual void touchgfx::Screen::tearDownScreen()	0	static
Screen.hpp:147:18:virtual void touchgfx::Screen::handleTickEvent()	0	static
Screen.hpp:157:18:virtual void touchgfx::Screen::handleKeyEvent(uint8_t)	0	static
Widget.hpp:50:18:virtual void touchgfx::Widget::getLastChild(int16_t, int16_t, touchgfx::Drawable**)	0	static
View.hpp:40:7:touchgfx::View<MotorScreenPresenter>::~View()	0	static
MotorScreenViewBase.hpp:22:13:MotorScreenViewBase::~MotorScreenViewBase()	0	static
MotorScreenViewBase.cpp:42:6:virtual void MotorScreenViewBase::setupScreen()	0	static
Callback.hpp:362:8:touchgfx::Callback<MotorScreenViewBase, const touchgfx::AbstractButton&>::~Callback()	0	static
Callback.hpp:392:18:void touchgfx::Callback<dest_type, T1, void, void>::execute(T1) [with dest_type = MotorScreenViewBase; T1 = const touchgfx::AbstractButton&]	8	static
Callback.hpp:402:18:bool touchgfx::Callback<dest_type, T1, void, void>::isValid() const [with dest_type = MotorScreenViewBase; T1 = const touchgfx::AbstractButton&]	0	static
View.hpp:40:7:virtual touchgfx::View<MotorScreenPresenter>::~View()	8	static
Callback.hpp:362:8:virtual touchgfx::Callback<MotorScreenViewBase, const touchgfx::AbstractButton&>::~Callback()	8	static
MotorScreenViewBase.hpp:22:13:virtual MotorScreenViewBase::~MotorScreenViewBase()	8	static
MotorScreenViewBase.cpp:47:6:void MotorScreenViewBase::buttonCallbackHandler(const touchgfx::AbstractButton&)	16	static
Drawable.hpp:53:5:touchgfx::Drawable::Drawable()	0	static
Drawable.hpp:299:10:void touchgfx::Drawable::setXY(int16_t, int16_t)	16	static
AbstractButton.hpp:38:5:touchgfx::AbstractButton::AbstractButton()	8	static
MotorScreenViewBase.cpp:11:1:MotorScreenViewBase::MotorScreenViewBase()	72	static
