main.c:866:13:SPI5_Write	16	static
main.c:978:13:TouchGFX_Task	8	static
main.c:139:6:startMotor	16	static
main.c:263:6:SystemClock_Config	152	static
main.c:182:5:main	152	static
main.c:710:6:IOE_Init	0	static
main.c:719:6:IOE_ITConfig	0	static
main.c:731:6:IOE_Write	32	static
main.c:742:9:IOE_Read	32	static
main.c:755:10:IOE_ReadMultiple	24	static
main.c:764:6:IOE_Delay	0	static
main.c:892:6:LCD_IO_Init	8	static
main.c:902:6:LCD_IO_WriteData	16	static
main.c:918:6:LCD_IO_WriteReg	16	static
main.c:937:10:LCD_IO_ReadData	32	static
main.c:964:6:LCD_Delay	0	static
main.c:997:6:HAL_TIM_PeriodElapsedCallback	0	static
main.c:1014:6:Error_Handler	0	static
