Archive member included to satisfy reference by file (symbol)

Middlewares/ST/touchgfx/lib/core/cortex_m4f/gcc\libtouchgfx-float-abi-hard.a(AbstractPartition.o)
                              TouchGFX/build/STM32F429IDISCO/TouchGFX/target/generated/TouchGFXConfiguration.o (touchgfx::AbstractPartition::getAllocationCount() const)
Middlewares/ST/touchgfx/lib/core/cortex_m4f/gcc\libtouchgfx-float-abi-hard.a(Container.o)
                              TouchGFX/build/STM32F429IDISCO/TouchGFX/generated/gui_generated/src/motorscreen_screen/MotorScreenViewBase.o (touchgfx::Container::add(touchgfx::Drawable&))
Middlewares/ST/touchgfx/lib/core/cortex_m4f/gcc\libtouchgfx-float-abi-hard.a(Slider.o)
                              TouchGFX/build/STM32F429IDISCO/TouchGFX/generated/gui_generated/src/motorscreen_screen/MotorScreenViewBase.o (touchgfx::Slider::setValue(int))
Middlewares/ST/touchgfx/lib/core/cortex_m4f/gcc\libtouchgfx-float-abi-hard.a(HAL.o)
                              TouchGFX/build/STM32F429IDISCO/TouchGFX/target/generated/TouchGFXGeneratedHAL.o (touchgfx::HAL::drawDrawableInDynamicBitmap(touchgfx::Drawable&, unsigned short))
Middlewares/ST/touchgfx/lib/core/cortex_m4f/gcc\libtouchgfx-float-abi-hard.a(DMA.o)
                              TouchGFX/build/STM32F429IDISCO/TouchGFX/target/generated/STM32DMA.o (touchgfx::DMA_Interface::seedExecution())
Middlewares/ST/touchgfx/lib/core/cortex_m4f/gcc\libtouchgfx-float-abi-hard.a(AbstractButton.o)
                              TouchGFX/build/STM32F429IDISCO/TouchGFX/generated/gui_generated/src/motorscreen_screen/MotorScreenViewBase.o (vtable for touchgfx::AbstractButton)
Middlewares/ST/touchgfx/lib/core/cortex_m4f/gcc\libtouchgfx-float-abi-hard.a(ToggleButton.o)
                              TouchGFX/build/STM32F429IDISCO/TouchGFX/generated/gui_generated/src/motorscreen_screen/MotorScreenViewBase.o (touchgfx::ToggleButton::forceState(bool))
Middlewares/ST/touchgfx/lib/core/cortex_m4f/gcc\libtouchgfx-float-abi-hard.a(SnapshotWidget.o)
                              TouchGFX/build/STM32F429IDISCO/TouchGFX/generated/gui_generated/src/common/FrontendApplicationBase.o (touchgfx::SnapshotWidget::makeSnapshot())
Middlewares/ST/touchgfx/lib/core/cortex_m4f/gcc\libtouchgfx-float-abi-hard.a(TextArea.o)
                              TouchGFX/build/STM32F429IDISCO/TouchGFX/generated/gui_generated/src/motorscreen_screen/MotorScreenViewBase.o (touchgfx::TextArea::setTypedText(touchgfx::TypedText))
Middlewares/ST/touchgfx/lib/core/cortex_m4f/gcc\libtouchgfx-float-abi-hard.a(Box.o)
                              TouchGFX/build/STM32F429IDISCO/TouchGFX/generated/gui_generated/src/motorscreen_screen/MotorScreenViewBase.o (vtable for touchgfx::Box)
Middlewares/ST/touchgfx/lib/core/cortex_m4f/gcc\libtouchgfx-float-abi-hard.a(Button.o)
                              TouchGFX/build/STM32F429IDISCO/TouchGFX/generated/gui_generated/src/motorscreen_screen/MotorScreenViewBase.o (touchgfx::Button::setBitmaps(touchgfx::Bitmap const&, touchgfx::Bitmap const&))
Middlewares/ST/touchgfx/lib/core/cortex_m4f/gcc\libtouchgfx-float-abi-hard.a(TextAreaWithWildcard.o)
                              TouchGFX/build/STM32F429IDISCO/TouchGFX/generated/gui_generated/src/mainscreen_screen/MainScreenViewBase.o (vtable for touchgfx::TextAreaWithOneWildcard)
Middlewares/ST/touchgfx/lib/core/cortex_m4f/gcc\libtouchgfx-float-abi-hard.a(Image.o)
                              TouchGFX/build/STM32F429IDISCO/TouchGFX/generated/gui_generated/src/motorscreen_screen/MotorScreenViewBase.o (touchgfx::Image::setBitmap(touchgfx::Bitmap const&))
Middlewares/ST/touchgfx/lib/core/cortex_m4f/gcc\libtouchgfx-float-abi-hard.a(LCD.o)
                              Middlewares/ST/touchgfx/lib/core/cortex_m4f/gcc\libtouchgfx-float-abi-hard.a(TextArea.o) (touchgfx::LCD::getNumLines(touchgfx::TextProvider&, touchgfx::WideTextAction, unsigned char, touchgfx::Font const*, short))
Middlewares/ST/touchgfx/lib/core/cortex_m4f/gcc\libtouchgfx-float-abi-hard.a(TouchCalibration.o)
                              Middlewares/ST/touchgfx/lib/core/cortex_m4f/gcc\libtouchgfx-float-abi-hard.a(HAL.o) (touchgfx::TouchCalibration::translatePoint(touchgfx::Point&))
Middlewares/ST/touchgfx/lib/core/cortex_m4f/gcc\libtouchgfx-float-abi-hard.a(DisplayTransformation.o)
                              Middlewares/ST/touchgfx/lib/core/cortex_m4f/gcc\libtouchgfx-float-abi-hard.a(HAL.o) (touchgfx::DisplayTransformation::transformFrameBufferToDisplay(short&, short&))
Middlewares/ST/touchgfx/lib/core/cortex_m4f/gcc\libtouchgfx-float-abi-hard.a(Application.o)
                              TouchGFX/build/STM32F429IDISCO/TouchGFX/gui/src/common/FrontendApplication.o (touchgfx::Application::requestRedraw())
Middlewares/ST/touchgfx/lib/core/cortex_m4f/gcc\libtouchgfx-float-abi-hard.a(TypedText.o)
                              TouchGFX/build/STM32F429IDISCO/TouchGFX/generated/gui_generated/src/mainscreen_screen/MainScreenViewBase.o (touchgfx::TypedText::numberOfTypedTexts)
[...]
Memory Configuration

Name             Origin             Length             Attributes
CCMRAM           0x10000000         0x00010000         xrw
RAM              0x20000000         0x00030000         xrw
FLASH            0x08000000         0x00200000         xr
SDRAM            0xd0000000         0x00800000         xrw
*default*        0x00000000         0xffffffff

Linker script and memory map

LOAD d:/touchgfx/4.16.0/env/mingw/msys/1.0/gnu-arm-gcc/bin/../lib/gcc/arm-none-eabi/7.3.1/thumb/v7e-m/fpv4-sp/hard/crti.o
LOAD d:/touchgfx/4.16.0/env/mingw/msys/1.0/gnu-arm-gcc/bin/../lib/gcc/arm-none-eabi/7.3.1/thumb/v7e-m/fpv4-sp/hard/crtbegin.o
LOAD d:/touchgfx/4.16.0/env/mingw/msys/1.0/gnu-arm-gcc/bin/../lib/gcc/arm-none-eabi/7.3.1/../../../../arm-none-eabi/lib/thumb/v7e-m/fpv4-sp/hard/crt0.o
LOAD TouchGFX/build/STM32F429IDISCO/TouchGFX/gui/src/motorscreen_screen/MotorScreenView.o
LOAD TouchGFX/build/STM32F429IDISCO/TouchGFX/gui/src/motorscreen_screen/MotorScreenPresenter.o
LOAD TouchGFX/build/STM32F429IDISCO/TouchGFX/gui/src/mainscreen_screen/MainScreenPresenter.o
LOAD TouchGFX/build/STM32F429IDISCO/TouchGFX/gui/src/mainscreen_screen/MainScreenView.o
LOAD TouchGFX/build/STM32F429IDISCO/TouchGFX/gui/src/model/Model.o
LOAD TouchGFX/build/STM32F429IDISCO/TouchGFX/gui/src/common/FrontendApplication.o
LOAD TouchGFX/build/STM32F429IDISCO/TouchGFX/generated/gui_generated/src/motorscreen_screen/MotorScreenViewBase.o
LOAD TouchGFX/build/STM32F429IDISCO/TouchGFX/generated/gui_generated/src/mainscreen_screen/MainScreenViewBase.o
LOAD TouchGFX/build/STM32F429IDISCO/TouchGFX/generated/gui_generated/src/common/FrontendApplicationBase.o
LOAD TouchGFX/build/STM32F429IDISCO/TouchGFX/generated/fonts/src/Font_verdana_40_4bpp_0.o
LOAD TouchGFX/build/STM32F429IDISCO/TouchGFX/generated/fonts/src/Font_verdana_20_4bpp_0.o
LOAD TouchGFX/build/STM32F429IDISCO/TouchGFX/generated/fonts/src/GeneratedFont.o
LOAD TouchGFX/build/STM32F429IDISCO/TouchGFX/generated/fonts/src/UnmappedDataFont.o
LOAD TouchGFX/build/STM32F429IDISCO/TouchGFX/generated/fonts/src/Kerning_verdana_40_4bpp.o
LOAD TouchGFX/build/STM32F429IDISCO/TouchGFX/generated/fonts/src/Table_verdana_10_4bpp.o
LOAD TouchGFX/build/STM32F429IDISCO/TouchGFX/generated/fonts/src/Kerning_verdana_10_4bpp.o
LOAD TouchGFX/build/STM32F429IDISCO/TouchGFX/generated/fonts/src/Kerning_verdana_20_4bpp.o
LOAD TouchGFX/build/STM32F429IDISCO/TouchGFX/generated/fonts/src/FontCache.o
LOAD TouchGFX/build/STM32F429IDISCO/TouchGFX/generated/fonts/src/Font_verdana_10_4bpp_0.o
LOAD TouchGFX/build/STM32F429IDISCO/TouchGFX/generated/fonts/src/Table_verdana_40_4bpp.o
LOAD TouchGFX/build/STM32F429IDISCO/TouchGFX/generated/fonts/src/CachedFont.o
LOAD TouchGFX/build/STM32F429IDISCO/TouchGFX/generated/fonts/src/Table_verdana_20_4bpp.o
LOAD TouchGFX/build/STM32F429IDISCO/TouchGFX/generated/fonts/src/ApplicationFontProvider.o
LOAD TouchGFX/build/STM32F429IDISCO/TouchGFX/generated/images/src/__designer/image_Blue_Slider_Horizontal_Small_slider_horizontal_small_fill.o
LOAD TouchGFX/build/STM32F429IDISCO/TouchGFX/generated/images/src/__designer/image_Blue_Slider_Horizontal_Small_slider_horizontal_small_back.o
LOAD TouchGFX/build/STM32F429IDISCO/TouchGFX/generated/images/src/__designer/image_Dark_Togglebars_Toggle_large_button_On.o
LOAD TouchGFX/build/STM32F429IDISCO/TouchGFX/generated/images/src/__designer/image_Dark_Togglebars_Toggle_large_button_Off.o
LOAD TouchGFX/build/STM32F429IDISCO/TouchGFX/generated/images/src/__designer/image_Dark_Slider_Horizontal_Small_Indicators_slider_horizontal_small_square_knob.o
LOAD TouchGFX/build/STM32F429IDISCO/TouchGFX/generated/images/src/image_lftbtn.o
LOAD TouchGFX/build/STM32F429IDISCO/TouchGFX/generated/images/src/image_background.o
LOAD TouchGFX/build/STM32F429IDISCO/TouchGFX/generated/images/src/image_lftbtnpressed.o
LOAD TouchGFX/build/STM32F429IDISCO/TouchGFX/generated/images/src/BitmapDatabase.o
LOAD TouchGFX/build/STM32F429IDISCO/TouchGFX/generated/images/src/image_gotoMenu.o
LOAD TouchGFX/build/STM32F429IDISCO/TouchGFX/generated/images/src/image_wheel_selector_overlay.o
LOAD TouchGFX/build/STM32F429IDISCO/TouchGFX/generated/images/src/image_TGFX_shadow_logo.o
LOAD TouchGFX/build/STM32F429IDISCO/TouchGFX/generated/texts/src/LanguageGb.o
LOAD TouchGFX/build/STM32F429IDISCO/TouchGFX/generated/texts/src/TypedTextDatabase.o
LOAD TouchGFX/build/STM32F429IDISCO/TouchGFX/generated/texts/src/Texts.o
LOAD TouchGFX/build/STM32F429IDISCO/TouchGFX/target/generated/TouchGFXGeneratedHAL.o
LOAD TouchGFX/build/STM32F429IDISCO/TouchGFX/target/generated/STM32DMA.o
LOAD TouchGFX/build/STM32F429IDISCO/TouchGFX/target/generated/OSWrappers.o
LOAD TouchGFX/build/STM32F429IDISCO/TouchGFX/target/generated/TouchGFXConfiguration.o
LOAD TouchGFX/build/STM32F429IDISCO/TouchGFX/target/TouchGFXHAL.o
LOAD TouchGFX/build/STM32F429IDISCO/TouchGFX/target/TouchGFXGPIO.o
LOAD TouchGFX/build/STM32F429IDISCO/TouchGFX/target/STM32TouchController.o
LOAD TouchGFX/build/STM32F429IDISCO/Core/Src/system_stm32f4xx.o
LOAD TouchGFX/build/STM32F429IDISCO/Core/Src/stm32f4xx_hal_timebase_tim.o
LOAD TouchGFX/build/STM32F429IDISCO/Core/Src/main.o
LOAD TouchGFX/build/STM32F429IDISCO/Core/Src/stm32f4xx_it.o
LOAD TouchGFX/build/STM32F429IDISCO/Core/Src/sysmem.o
LOAD TouchGFX/build/STM32F429IDISCO/Core/Src/stm32f4xx_hal_msp.o
LOAD TouchGFX/build/STM32F429IDISCO/Core/Src/syscalls.o
LOAD TouchGFX/build/STM32F429IDISCO/Core/Src/Routines.o
LOAD TouchGFX/build/STM32F429IDISCO/Core/Src/freertos.o
LOAD TouchGFX/build/STM32F429IDISCO/Drivers/STM32F4xx_HAL_Driver/Src/stm32f4xx_hal_pwr_ex.o
LOAD TouchGFX/build/STM32F429IDISCO/Drivers/STM32F4xx_HAL_Driver/Src/stm32f4xx_hal_sdram.o
LOAD TouchGFX/build/STM32F429IDISCO/Drivers/STM32F4xx_HAL_Driver/Src/stm32f4xx_hal_flash.o
LOAD TouchGFX/build/STM32F429IDISCO/Drivers/STM32F4xx_HAL_Driver/Src/stm32f4xx_hal_rcc.o
LOAD TouchGFX/build/STM32F429IDISCO/Drivers/STM32F4xx_HAL_Driver/Src/stm32f4xx_hal_dma_ex.o
LOAD TouchGFX/build/STM32F429IDISCO/Drivers/STM32F4xx_HAL_Driver/Src/stm32f4xx_hal_tim.o
LOAD TouchGFX/build/STM32F429IDISCO/Drivers/STM32F4xx_HAL_Driver/Src/stm32f4xx_hal_i2c.o
LOAD TouchGFX/build/STM32F429IDISCO/Drivers/STM32F4xx_HAL_Driver/Src/stm32f4xx_hal_flash_ex.o
LOAD TouchGFX/build/STM32F429IDISCO/Drivers/STM32F4xx_HAL_Driver/Src/stm32f4xx_hal_dma.o
LOAD TouchGFX/build/STM32F429IDISCO/Drivers/STM32F4xx_HAL_Driver/Src/stm32f4xx_hal_i2c_ex.o
LOAD TouchGFX/build/STM32F429IDISCO/Drivers/STM32F4xx_HAL_Driver/Src/stm32f4xx_hal_adc_ex.o
LOAD TouchGFX/build/STM32F429IDISCO/Drivers/STM32F4xx_HAL_Driver/Src/stm32f4xx_hal_tim_ex.o
LOAD TouchGFX/build/STM32F429IDISCO/Drivers/STM32F4xx_HAL_Driver/Src/stm32f4xx_hal_cortex.o
LOAD TouchGFX/build/STM32F429IDISCO/Drivers/STM32F4xx_HAL_Driver/Src/stm32f4xx_hal_ltdc_ex.o
LOAD TouchGFX/build/STM32F429IDISCO/Drivers/STM32F4xx_HAL_Driver/Src/stm32f4xx_ll_fmc.o
LOAD TouchGFX/build/STM32F429IDISCO/Drivers/STM32F4xx_HAL_Driver/Src/stm32f4xx_hal_dma2d.o
LOAD TouchGFX/build/STM32F429IDISCO/Drivers/STM32F4xx_HAL_Driver/Src/stm32f4xx_hal_exti.o
LOAD TouchGFX/build/STM32F429IDISCO/Drivers/STM32F4xx_HAL_Driver/Src/stm32f4xx_hal_gpio.o
LOAD TouchGFX/build/STM32F429IDISCO/Drivers/STM32F4xx_HAL_Driver/Src/stm32f4xx_hal_spi.o
LOAD TouchGFX/build/STM32F429IDISCO/Drivers/STM32F4xx_HAL_Driver/Src/stm32f4xx_hal_adc.o
LOAD TouchGFX/build/STM32F429IDISCO/Drivers/STM32F4xx_HAL_Driver/Src/stm32f4xx_hal_flash_ramfunc.o
LOAD TouchGFX/build/STM32F429IDISCO/Drivers/STM32F4xx_HAL_Driver/Src/stm32f4xx_hal_ltdc.o
LOAD TouchGFX/build/STM32F429IDISCO/Drivers/STM32F4xx_HAL_Driver/Src/stm32f4xx_hal_pwr.o
LOAD TouchGFX/build/STM32F429IDISCO/Drivers/STM32F4xx_HAL_Driver/Src/stm32f4xx_hal.o
LOAD TouchGFX/build/STM32F429IDISCO/Drivers/STM32F4xx_HAL_Driver/Src/stm32f4xx_hal_rcc_ex.o
LOAD TouchGFX/build/STM32F429IDISCO/Drivers/STM32F4xx_HAL_Driver/Src/stm32f4xx_hal_dsi.o
LOAD TouchGFX/build/STM32F429IDISCO/Drivers/STM32F4xx_HAL_Driver/Src/stm32f4xx_hal_crc.o
LOAD TouchGFX/build/STM32F429IDISCO/TouchGFX/App/app_touchgfx.o
LOAD TouchGFX/build/STM32F429IDISCO/Middlewares/Third_Party/FreeRTOS/Source/croutine.o
LOAD TouchGFX/build/STM32F429IDISCO/Middlewares/Third_Party/FreeRTOS/Source/list.o
LOAD TouchGFX/build/STM32F429IDISCO/Middlewares/Third_Party/FreeRTOS/Source/queue.o
LOAD TouchGFX/build/STM32F429IDISCO/Middlewares/Third_Party/FreeRTOS/Source/tasks.o
LOAD TouchGFX/build/STM32F429IDISCO/Middlewares/Third_Party/FreeRTOS/Source/timers.o
LOAD TouchGFX/build/STM32F429IDISCO/Middlewares/Third_Party/FreeRTOS/Source/CMSIS_RTOS_V2/cmsis_os2.o
LOAD TouchGFX/build/STM32F429IDISCO/gcc/Middlewares/Third_Party/FreeRTOS/Source/portable/MemMang/heap_4.o
LOAD TouchGFX/build/STM32F429IDISCO/gcc/Middlewares/Third_Party/FreeRTOS/Source/portable/GCC/ARM_CM4F/port.o
LOAD TouchGFX/build/STM32F429IDISCO/Drivers/BSP/Components/stmpe811/stmpe811.o
LOAD TouchGFX/build/STM32F429IDISCO/Drivers/BSP/Components/ili9341/ili9341.o
LOAD TouchGFX/build/STM32F429IDISCO/gcc/startup_stm32f429zitx.o
START GROUP
LOAD Middlewares/ST/touchgfx/lib/core/cortex_m4f/gcc\libtouchgfx-float-abi-hard.a
END GROUP
LOAD d:/touchgfx/4.16.0/env/mingw/msys/1.0/gnu-arm-gcc/bin/../lib/gcc/arm-none-eabi/7.3.1/../../../../arm-none-eabi/lib/thumb/v7e-m/fpv4-sp/hard\libstdc++_nano.a
LOAD d:/touchgfx/4.16.0/env/mingw/msys/1.0/gnu-arm-gcc/bin/../lib/gcc/arm-none-eabi/7.3.1/../../../../arm-none-eabi/lib/thumb/v7e-m/fpv4-sp/hard\libm.a
START GROUP
LOAD d:/touchgfx/4.16.0/env/mingw/msys/1.0/gnu-arm-gcc/bin/../lib/gcc/arm-none-eabi/7.3.1/thumb/v7e-m/fpv4-sp/hard\libgcc.a
LOAD d:/touchgfx/4.16.0/env/mingw/msys/1.0/gnu-arm-gcc/bin/../lib/gcc/arm-none-eabi/7.3.1/../../../../arm-none-eabi/lib/thumb/v7e-m/fpv4-sp/hard\libc_nano.a
END GROUP
START GROUP
LOAD d:/touchgfx/4.16.0/env/mingw/msys/1.0/gnu-arm-gcc/bin/../lib/gcc/arm-none-eabi/7.3.1/thumb/v7e-m/fpv4-sp/hard\libgcc.a
LOAD d:/touchgfx/4.16.0/env/mingw/msys/1.0/gnu-arm-gcc/bin/../lib/gcc/arm-none-eabi/7.3.1/../../../../arm-none-eabi/lib/thumb/v7e-m/fpv4-sp/hard\libc_nano.a
LOAD d:/touchgfx/4.16.0/env/mingw/msys/1.0/gnu-arm-gcc/bin/../lib/gcc/arm-none-eabi/7.3.1/../../../../arm-none-eabi/lib/thumb/v7e-m/fpv4-sp/hard\libnosys.a
END GROUP
START GROUP
LOAD d:/touchgfx/4.16.0/env/mingw/msys/1.0/gnu-arm-gcc/bin/../lib/gcc/arm-none-eabi/7.3.1/thumb/v7e-m/fpv4-sp/hard\libgcc.a
LOAD d:/touchgfx/4.16.0/env/mingw/msys/1.0/gnu-arm-gcc/bin/../lib/gcc/arm-none-eabi/7.3.1/../../../../arm-none-eabi/lib/thumb/v7e-m/fpv4-sp/hard\libc_nano.a
LOAD d:/touchgfx/4.16.0/env/mingw/msys/1.0/gnu-arm-gcc/bin/../lib/gcc/arm-none-eabi/7.3.1/../../../../arm-none-eabi/lib/thumb/v7e-m/fpv4-sp/hard\libnosys.a
END GROUP
LOAD d:/touchgfx/4.16.0/env/mingw/msys/1.0/gnu-arm-gcc/bin/../lib/gcc/arm-none-eabi/7.3.1/thumb/v7e-m/fpv4-sp/hard/crtend.o
LOAD d:/touchgfx/4.16.0/env/mingw/msys/1.0/gnu-arm-gcc/bin/../lib/gcc/arm-none-eabi/7.3.1/thumb/v7e-m/fpv4-sp/hard/crtn.o
                0x20030000                _estack = (ORIGIN (RAM) + LENGTH (RAM))
                0x00000200                _Min_Heap_Size = 0x200
                0x00000400                _Min_Stack_Size = 0x400

.isr_vector     0x08000000      0x1ac
                0x08000000                . = ALIGN (0x4)
 *(.isr_vector)
 .isr_vector    0x08000000      0x1ac TouchGFX/build/STM32F429IDISCO/gcc/startup_stm32f429zitx.o
                0x08000000                g_pfnVectors
                0x080001ac                . = ALIGN (0x4)

.text           0x080001b0    0x1c764
                0x080001b0                . = ALIGN (0x4)
 *(.text)
 .text          0x080001b0       0x40 d:/touchgfx/4.16.0/env/mingw/msys/1.0/gnu-arm-gcc/bin/../lib/gcc/arm-none-eabi/7.3.1/thumb/v7e-m/fpv4-sp/hard/crtbegin.o
 .text          0x080001f0       0x30 d:/touchgfx/4.16.0/env/mingw/msys/1.0/gnu-arm-gcc/bin/../lib/gcc/arm-none-eabi/7.3.1/thumb/v7e-m/fpv4-sp/hard\libgcc.a(_aeabi_uldivmod.o)
                0x080001f0                __aeabi_uldivmod
 .text          0x08000220      0x2cc d:/touchgfx/4.16.0/env/mingw/msys/1.0/gnu-arm-gcc/bin/../lib/gcc/arm-none-eabi/7.3.1/thumb/v7e-m/fpv4-sp/hard\libgcc.a(_udivmoddi4.o)
                0x08000220                __udivmoddi4
 .text          0x080004ec        0x4 d:/touchgfx/4.16.0/env/mingw/msys/1.0/gnu-arm-gcc/bin/../lib/gcc/arm-none-eabi/7.3.1/thumb/v7e-m/fpv4-sp/hard\libgcc.a(_dvmd_tls.o)
                0x080004ec                __aeabi_idiv0
                0x080004ec                __aeabi_ldiv0
 .text          0x080004f0       0xa0 d:/touchgfx/4.16.0/env/mingw/msys/1.0/gnu-arm-gcc/bin/../lib/gcc/arm-none-eabi/7.3.1/../../../../arm-none-eabi/lib/thumb/v7e-m/fpv4-sp/hard\libc_nano.a(lib_a-memchr.o)
                0x080004f0                memchr
 *(.text*)
 .text._ZN8touchgfx6Screen15afterTransitionEv
                0x08000590        0x2 TouchGFX/build/STM32F429IDISCO/TouchGFX/gui/src/motorscreen_screen/MotorScreenView.o
                0x08000590                touchgfx::Screen::afterTransition()
 .text._ZN8touchgfx6Screen15handleTickEventEv
                0x08000592        0x2 TouchGFX/build/STM32F429IDISCO/TouchGFX/gui/src/motorscreen_screen/MotorScreenView.o
                0x08000592                touchgfx::Screen::handleTickEvent()
 .text._ZN8touchgfx6Screen14handleKeyEventEh
                0x08000594        0x2 TouchGFX/build/STM32F429IDISCO/TouchGFX/gui/src/motorscreen_screen/MotorScreenView.o
                0x08000594                touchgfx::Screen::handleKeyEvent(unsigned char)
 .text._ZN15MotorScreenViewD2Ev
                0x08000596        0x2 TouchGFX/build/STM32F429IDISCO/TouchGFX/gui/src/motorscreen_screen/MotorScreenView.o
                0x08000596                MotorScreenView::~MotorScreenView()
                0x08000596                MotorScreenView::~MotorScreenView()
 .text._ZN15MotorScreenView14tearDownScreenEv
                0x08000598        0x2 TouchGFX/build/STM32F429IDISCO/TouchGFX/gui/src/motorscreen_screen/MotorScreenView.o
                0x08000598                MotorScreenView::tearDownScreen()
 .text._ZN15MotorScreenView11setupScreenEv
                0x0800059a        0x4 TouchGFX/build/STM32F429IDISCO/TouchGFX/gui/src/motorscreen_screen/MotorScreenView.o
                0x0800059a                MotorScreenView::setupScreen()
 .text._ZN15MotorScreenViewD0Ev
                0x0800059e       0x10 TouchGFX/build/STM32F429IDISCO/TouchGFX/gui/src/motorscreen_screen/MotorScreenView.o
                0x0800059e                MotorScreenView::~MotorScreenView()
 *fill*         0x080005ae        0x2 
 .text._ZN15MotorScreenViewC2Ev
                0x080005b0       0x14 TouchGFX/build/STM32F429IDISCO/TouchGFX/gui/src/motorscreen_screen/MotorScreenView.o
                0x080005b0                MotorScreenView::MotorScreenView()
                0x080005b0                MotorScreenView::MotorScreenView()
 .text._ZN13ModelListener12analogUpdateEm
                0x080005c4        0x2 TouchGFX/build/STM32F429IDISCO/TouchGFX/gui/src/motorscreen_screen/MotorScreenPresenter.o
                0x080005c4                ModelListener::analogUpdate(unsigned long)
 .text._ZN20MotorScreenPresenterD2Ev
                0x080005c6        0x6 TouchGFX/build/STM32F429IDISCO/TouchGFX/gui/src/motorscreen_screen/MotorScreenPresenter.o
                0x080005c6                MotorScreenPresenter::~MotorScreenPresenter()
                0x080005c6                MotorScreenPresenter::~MotorScreenPresenter()
                0x080005c8                non-virtual thunk to MotorScreenPresenter::~MotorScreenPresenter()
 .text._ZN20MotorScreenPresenter8activateEv
                0x080005cc        0x2 TouchGFX/build/STM32F429IDISCO/TouchGFX/gui/src/motorscreen_screen/MotorScreenPresenter.o
                0x080005cc                MotorScreenPresenter::deactivate()
                0x080005cc                MotorScreenPresenter::activate()
 .text._ZN20MotorScreenPresenterD0Ev
                0x080005ce       0x14 TouchGFX/build/STM32F429IDISCO/TouchGFX/gui/src/motorscreen_screen/MotorScreenPresenter.o
                0x080005ce                MotorScreenPresenter::~MotorScreenPresenter()
                0x080005dc                non-virtual thunk to MotorScreenPresenter::~MotorScreenPresenter()
 *fill*         0x080005e2        0x2 
 .text._ZN20MotorScreenPresenterC2ER15MotorScreenView
                0x080005e4       0x1c TouchGFX/build/STM32F429IDISCO/TouchGFX/gui/src/motorscreen_screen/MotorScreenPresenter.o
                0x080005e4                MotorScreenPresenter::MotorScreenPresenter(MotorScreenView&)
                0x080005e4                MotorScreenPresenter::MotorScreenPresenter(MotorScreenView&)
 .text._ZN19MainScreenPresenterD2Ev
                0x08000600        0x6 TouchGFX/build/STM32F429IDISCO/TouchGFX/gui/src/mainscreen_screen/MainScreenPresenter.o
                0x08000600                MainScreenPresenter::~MainScreenPresenter()
                0x08000600                MainScreenPresenter::~MainScreenPresenter()
                0x08000602                non-virtual thunk to MainScreenPresenter::~MainScreenPresenter()
 .text._ZN19MainScreenPresenter8activateEv
                0x08000606        0x2 TouchGFX/build/STM32F429IDISCO/TouchGFX/gui/src/mainscreen_screen/MainScreenPresenter.o
                0x08000606                MainScreenPresenter::activate()
                0x08000606                MainScreenPresenter::deactivate()
 .text._ZN19MainScreenPresenter12analogUpdateEm
                0x08000608        0x8 TouchGFX/build/STM32F429IDISCO/TouchGFX/gui/src/mainscreen_screen/MainScreenPresenter.o
                0x08000608                MainScreenPresenter::analogUpdate(unsigned long)
 .text._ZThn4_N19MainScreenPresenter12analogUpdateEm
                0x08000610        0x8 TouchGFX/build/STM32F429IDISCO/TouchGFX/gui/src/mainscreen_screen/MainScreenPresenter.o
                0x08000610                non-virtual thunk to MainScreenPresenter::analogUpdate(unsigned long)
 .text._ZN19MainScreenPresenterD0Ev
                0x08000618       0x14 TouchGFX/build/STM32F429IDISCO/TouchGFX/gui/src/mainscreen_screen/MainScreenPresenter.o
                0x08000618                MainScreenPresenter::~MainScreenPresenter()
                0x08000626                non-virtual thunk to MainScreenPresenter::~MainScreenPresenter()
 .text._ZN19MainScreenPresenterC2ER14MainScreenView
                0x0800062c       0x1c TouchGFX/build/STM32F429IDISCO/TouchGFX/gui/src/mainscreen_screen/MainScreenPresenter.o
                0x0800062c                MainScreenPresenter::MainScreenPresenter(MainScreenView&)
                0x0800062c                MainScreenPresenter::MainScreenPresenter(MainScreenView&)
 .text._ZN14MainScreenViewD2Ev
                0x08000648        0x2 TouchGFX/build/STM32F429IDISCO/TouchGFX/gui/src/mainscreen_screen/MainScreenView.o
                0x08000648                MainScreenView::~MainScreenView()
                0x08000648                MainScreenView::~MainScreenView()
 .text._ZN14MainScreenView14tearDownScreenEv
                0x0800064a        0x2 TouchGFX/build/STM32F429IDISCO/TouchGFX/gui/src/mainscreen_screen/MainScreenView.o
                0x0800064a                MainScreenView::tearDownScreen()
 .text._ZN14MainScreenView11setupScreenEv
                0x0800064c        0x4 TouchGFX/build/STM32F429IDISCO/TouchGFX/gui/src/mainscreen_screen/MainScreenView.o
                0x0800064c                MainScreenView::setupScreen()
 .text._ZN14MainScreenView12analogUpdateEm
                0x08000650       0x2c TouchGFX/build/STM32F429IDISCO/TouchGFX/gui/src/mainscreen_screen/MainScreenView.o
                0x08000650                MainScreenView::analogUpdate(unsigned long)
 .text._ZN14MainScreenViewD0Ev
                0x0800067c       0x10 TouchGFX/build/STM32F429IDISCO/TouchGFX/gui/src/mainscreen_screen/MainScreenView.o
                0x0800067c                MainScreenView::~MainScreenView()
 .text._ZN14MainScreenViewC2Ev
                0x0800068c       0x14 TouchGFX/build/STM32F429IDISCO/TouchGFX/gui/src/mainscreen_screen/MainScreenView.o
                0x0800068c                MainScreenView::MainScreenView()
                0x0800068c                MainScreenView::MainScreenView()
 .text._ZN5ModelC2Ev
                0x080006a0        0x6 TouchGFX/build/STM32F429IDISCO/TouchGFX/gui/src/model/Model.o
                0x080006a0                Model::Model()
                0x080006a0                Model::Model()
 *fill*         0x080006a6        0x2 
 .text._ZN5Model12analogUpdateEv
                0x080006a8      0x110 TouchGFX/build/STM32F429IDISCO/TouchGFX/gui/src/model/Model.o
                0x080006a8                Model::analogUpdate()
 .text._ZN5Model4tickEv
                0x080007b8       0x10 TouchGFX/build/STM32F429IDISCO/TouchGFX/gui/src/model/Model.o
                0x080007b8                Model::tick()
 .text._ZN8touchgfx11Application15appSwitchScreenEh
                0x080007c8        0x2 TouchGFX/build/STM32F429IDISCO/TouchGFX/gui/src/common/FrontendApplication.o
                0x080007c8                touchgfx::Application::appSwitchScreen(unsigned char)
 .text._ZN8touchgfx11Application13requestRedrawERNS_4RectE
                0x080007ca        0xc TouchGFX/build/STM32F429IDISCO/TouchGFX/gui/src/common/FrontendApplication.o
                0x080007ca                touchgfx::Application::requestRedraw(touchgfx::Rect&)
 .text._ZN19FrontendApplicationD2Ev
                0x080007d6        0x2 TouchGFX/build/STM32F429IDISCO/TouchGFX/gui/src/common/FrontendApplication.o
                0x080007d6                FrontendApplication::~FrontendApplication()
                0x080007d6                FrontendApplication::~FrontendApplication()
 .text._ZN19FrontendApplicationD0Ev
                0x080007d8       0x10 TouchGFX/build/STM32F429IDISCO/TouchGFX/gui/src/common/FrontendApplication.o
                0x080007d8                FrontendApplication::~FrontendApplication()
 .text._ZN19FrontendApplication15handleTickEventEv
                0x080007e8       0x16 TouchGFX/build/STM32F429IDISCO/TouchGFX/gui/src/common/FrontendApplication.o
                0x080007e8                FrontendApplication::handleTickEvent()
 .text._ZN8touchgfx14MVPApplication29handlePendingScreenTransitionEv
                0x080007fe       0x24 TouchGFX/build/STM32F429IDISCO/TouchGFX/gui/src/common/FrontendApplication.o
                0x080007fe                touchgfx::MVPApplication::handlePendingScreenTransition()
 *fill*         0x08000822        0x2 
 .text._ZN19FrontendApplicationC2ER5ModelR12FrontendHeap
                0x08000824       0x14 TouchGFX/build/STM32F429IDISCO/TouchGFX/gui/src/common/FrontendApplication.o
                0x08000824                FrontendApplication::FrontendApplication(Model&, FrontendHeap&)
                0x08000824                FrontendApplication::FrontendApplication(Model&, FrontendHeap&)
 .text._ZN8touchgfx8Drawable13getFirstChildEv
                0x08000838        0x4 TouchGFX/build/STM32F429IDISCO/TouchGFX/generated/gui_generated/src/motorscreen_screen/MotorScreenViewBase.o
                0x08000838                touchgfx::Drawable::getFirstChild()
 .text._ZN8touchgfx8Drawable4setXEs
                0x0800083c        0x4 TouchGFX/build/STM32F429IDISCO/TouchGFX/generated/gui_generated/src/motorscreen_screen/MotorScreenViewBase.o
                0x0800083c                touchgfx::Drawable::setX(short)
 .text._ZN8touchgfx8Drawable4setYEs
                0x08000840        0x4 TouchGFX/build/STM32F429IDISCO/TouchGFX/generated/gui_generated/src/motorscreen_screen/MotorScreenViewBase.o
                0x08000840                touchgfx::Drawable::setY(short)
 .text._ZN8touchgfx8Drawable8setWidthEs
                0x08000844        0x4 TouchGFX/build/STM32F429IDISCO/TouchGFX/generated/gui_generated/src/motorscreen_screen/MotorScreenViewBase.o
                0x08000844                touchgfx::Drawable::setWidth(short)
 .text._ZN8touchgfx8Drawable9setHeightEs
                0x08000848        0x4 TouchGFX/build/STM32F429IDISCO/TouchGFX/generated/gui_generated/src/motorscreen_screen/MotorScreenViewBase.o
                0x08000848                touchgfx::Drawable::setHeight(short)
 .text._ZN8touchgfx8Drawable20childGeometryChangedEv
                0x0800084c        0x2 TouchGFX/build/STM32F429IDISCO/TouchGFX/generated/gui_generated/src/motorscreen_screen/MotorScreenViewBase.o
                0x0800084c                touchgfx::Drawable::childGeometryChanged()
 .text._ZN8touchgfx8Drawable16handleClickEventERKNS_10ClickEventE
                0x0800084e        0x2 TouchGFX/build/STM32F429IDISCO/TouchGFX/generated/gui_generated/src/motorscreen_screen/MotorScreenViewBase.o
                0x0800084e                touchgfx::Drawable::handleClickEvent(touchgfx::ClickEvent const&)
 .text._ZN8touchgfx8Drawable18handleGestureEventERKNS_12GestureEventE
                0x08000850        0x2 TouchGFX/build/STM32F429IDISCO/TouchGFX/generated/gui_generated/src/motorscreen_screen/MotorScreenViewBase.o
                0x08000850                touchgfx::Drawable::handleGestureEvent(touchgfx::GestureEvent const&)
 .text._ZN8touchgfx8Drawable15handleDragEventERKNS_9DragEventE
                0x08000852        0x2 TouchGFX/build/STM32F429IDISCO/TouchGFX/generated/gui_generated/src/motorscreen_screen/MotorScreenViewBase.o
                0x08000852                touchgfx::Drawable::handleDragEvent(touchgfx::DragEvent const&)
 .text._ZN8touchgfx8Drawable15handleTickEventEv
                0x08000854        0x2 TouchGFX/build/STM32F429IDISCO/TouchGFX/generated/gui_generated/src/motorscreen_screen/MotorScreenViewBase.o
                0x08000854                touchgfx::Drawable::handleTickEvent()
 .text._ZN8touchgfx8Drawable6moveToEss
                0x08000856       0x18 TouchGFX/build/STM32F429IDISCO/TouchGFX/generated/gui_generated/src/motorscreen_screen/MotorScreenViewBase.o
                0x08000856                touchgfx::Drawable::moveTo(short, short)
 .text._ZN8touchgfx8Drawable14setupDrawChainERKNS_4RectEPPS0_
                0x0800086e       0x14 TouchGFX/build/STM32F429IDISCO/TouchGFX/generated/gui_generated/src/motorscreen_screen/MotorScreenViewBase.o
                0x0800086e                touchgfx::Drawable::setupDrawChain(touchgfx::Rect const&, touchgfx::Drawable**)
 .text._ZN8touchgfx6Screen11setupScreenEv
                0x08000882        0x2 TouchGFX/build/STM32F429IDISCO/TouchGFX/generated/gui_generated/src/motorscreen_screen/MotorScreenViewBase.o
                0x08000882                touchgfx::Screen::setupScreen()
 .text._ZN8touchgfx6Screen14tearDownScreenEv
                0x08000884        0x2 TouchGFX/build/STM32F429IDISCO/TouchGFX/generated/gui_generated/src/motorscreen_screen/MotorScreenViewBase.o
                0x08000884                touchgfx::Screen::tearDownScreen()
 .text._ZN8touchgfx6Widget12getLastChildEssPPNS_8DrawableE
                0x08000886       0x10 TouchGFX/build/STM32F429IDISCO/TouchGFX/generated/gui_generated/src/motorscreen_screen/MotorScreenViewBase.o
                0x08000886                touchgfx::Widget::getLastChild(short, short, touchgfx::Drawable**)
 .text._ZN8touchgfx9TypedTextD2Ev
                0x08000896        0x2 TouchGFX/build/STM32F429IDISCO/TouchGFX/generated/gui_generated/src/motorscreen_screen/MotorScreenViewBase.o
                0x08000896                touchgfx::TypedText::~TypedText()
                0x08000896                touchgfx::TypedText::~TypedText()
 .text._ZN19MotorScreenViewBaseD2Ev
                0x08000898        0x2 TouchGFX/build/STM32F429IDISCO/TouchGFX/generated/gui_generated/src/motorscreen_screen/MotorScreenViewBase.o
                0x08000898                MotorScreenViewBase::~MotorScreenViewBase()
                0x08000898                MotorScreenViewBase::~MotorScreenViewBase()
 .text._ZN19MotorScreenViewBase11setupScreenEv
                0x0800089a        0x2 TouchGFX/build/STM32F429IDISCO/TouchGFX/generated/gui_generated/src/motorscreen_screen/MotorScreenViewBase.o
                0x0800089a                MotorScreenViewBase::setupScreen()
 .text._ZN8touchgfx8CallbackI19MotorScreenViewBaseRKNS_14AbstractButtonEvvED2Ev
                0x0800089c        0x2 TouchGFX/build/STM32F429IDISCO/TouchGFX/generated/gui_generated/src/motorscreen_screen/MotorScreenViewBase.o
                0x0800089c                touchgfx::Callback<MotorScreenViewBase, touchgfx::AbstractButton const&, void, void>::~Callback()
                0x0800089c                touchgfx::Callback<MotorScreenViewBase, touchgfx::AbstractButton const&, void, void>::~Callback()
 .text._ZN8touchgfx8CallbackI19MotorScreenViewBaseRKNS_14AbstractButtonEvvE7executeES4_
                0x0800089e       0x1e TouchGFX/build/STM32F429IDISCO/TouchGFX/generated/gui_generated/src/motorscreen_screen/MotorScreenViewBase.o
                0x0800089e                touchgfx::Callback<MotorScreenViewBase, touchgfx::AbstractButton const&, void, void>::execute(touchgfx::AbstractButton const&)
 .text._ZNK8touchgfx8CallbackI19MotorScreenViewBaseRKNS_14AbstractButtonEvvE7isValidEv
                0x080008bc       0x18 TouchGFX/build/STM32F429IDISCO/TouchGFX/generated/gui_generated/src/motorscreen_screen/MotorScreenViewBase.o
                0x080008bc                touchgfx::Callback<MotorScreenViewBase, touchgfx::AbstractButton const&, void, void>::isValid() const
 .text._ZN8touchgfx9TypedTextD0Ev
                0x080008d4        0xe TouchGFX/build/STM32F429IDISCO/TouchGFX/generated/gui_generated/src/motorscreen_screen/MotorScreenViewBase.o
                0x080008d4                touchgfx::TypedText::~TypedText()
 .text._ZN8touchgfx8CallbackI19MotorScreenViewBaseRKNS_14AbstractButtonEvvED0Ev
                0x080008e2        0xe TouchGFX/build/STM32F429IDISCO/TouchGFX/generated/gui_generated/src/motorscreen_screen/MotorScreenViewBase.o
                0x080008e2                touchgfx::Callback<MotorScreenViewBase, touchgfx::AbstractButton const&, void, void>::~Callback()
 .text._ZN19MotorScreenViewBaseD0Ev
                0x080008f0       0x10 TouchGFX/build/STM32F429IDISCO/TouchGFX/generated/gui_generated/src/motorscreen_screen/MotorScreenViewBase.o
                0x080008f0                MotorScreenViewBase::~MotorScreenViewBase()
 .text._ZN19MotorScreenViewBase21buttonCallbackHandlerERKN8touchgfx14AbstractButtonE
                0x08000900      0x3d4 TouchGFX/build/STM32F429IDISCO/TouchGFX/generated/gui_generated/src/motorscreen_screen/MotorScreenViewBase.o
                0x08000900                MotorScreenViewBase::buttonCallbackHandler(touchgfx::AbstractButton const&)
 .text._ZN8touchgfx8DrawableC2Ev
                0x08000cd4       0x2c TouchGFX/build/STM32F429IDISCO/TouchGFX/generated/gui_generated/src/motorscreen_screen/MotorScreenViewBase.o
                0x08000cd4                touchgfx::Drawable::Drawable()
                0x08000cd4                touchgfx::Drawable::Drawable()
 .text._ZN8touchgfx8Drawable5setXYEss
                0x08000d00       0x1a TouchGFX/build/STM32F429IDISCO/TouchGFX/generated/gui_generated/src/motorscreen_screen/MotorScreenViewBase.o
                0x08000d00                touchgfx::Drawable::setXY(short, short)
 *fill*         0x08000d1a        0x2 
 .text._ZN8touchgfx14AbstractButtonC2Ev
                0x08000d1c       0x2c TouchGFX/build/STM32F429IDISCO/TouchGFX/generated/gui_generated/src/motorscreen_screen/MotorScreenViewBase.o
                0x08000d1c                touchgfx::AbstractButton::AbstractButton()
                0x08000d1c                touchgfx::AbstractButton::AbstractButton()
 .text._ZN8touchgfx8TextAreaC2Ev
                0x08000d48       0x40 TouchGFX/build/STM32F429IDISCO/TouchGFX/generated/gui_generated/src/motorscreen_screen/MotorScreenViewBase.o
                0x08000d48                touchgfx::TextArea::TextArea()
                0x08000d48                touchgfx::TextArea::TextArea()
 .text._ZN8touchgfx5Color20getColorFrom24BitRGBEhhh
                0x08000d88       0x44 TouchGFX/build/STM32F429IDISCO/TouchGFX/generated/gui_generated/src/motorscreen_screen/MotorScreenViewBase.o
                0x08000d88                touchgfx::Color::getColorFrom24BitRGB(unsigned char, unsigned char, unsigned char)
 .text._ZN8touchgfx12ToggleButtonC2Ev
                0x08000dcc       0x24 TouchGFX/build/STM32F429IDISCO/TouchGFX/generated/gui_generated/src/motorscreen_screen/MotorScreenViewBase.o
                0x08000dcc                touchgfx::ToggleButton::ToggleButton()
                0x08000dcc                touchgfx::ToggleButton::ToggleButton()
 .text._ZN19MotorScreenViewBaseC2Ev
                0x08000df0      0x334 TouchGFX/build/STM32F429IDISCO/TouchGFX/generated/gui_generated/src/motorscreen_screen/MotorScreenViewBase.o
                0x08000df0                MotorScreenViewBase::MotorScreenViewBase()
                0x08000df0                MotorScreenViewBase::MotorScreenViewBase()
 .text._ZN18MainScreenViewBaseD2Ev
                0x08001124        0x2 TouchGFX/build/STM32F429IDISCO/TouchGFX/generated/gui_generated/src/mainscreen_screen/MainScreenViewBase.o
                0x08001124                MainScreenViewBase::~MainScreenViewBase()
                0x08001124                MainScreenViewBase::~MainScreenViewBase()
 .text._ZN18MainScreenViewBase11setupScreenEv
                0x08001126        0x2 TouchGFX/build/STM32F429IDISCO/TouchGFX/generated/gui_generated/src/mainscreen_screen/MainScreenViewBase.o
                0x08001126                MainScreenViewBase::setupScreen()
 .text._ZN8touchgfx8CallbackI18MainScreenViewBaseRKNS_14AbstractButtonEvvED2Ev
                0x08001128        0x2 TouchGFX/build/STM32F429IDISCO/TouchGFX/generated/gui_generated/src/mainscreen_screen/MainScreenViewBase.o
                0x08001128                touchgfx::Callback<MainScreenViewBase, touchgfx::AbstractButton const&, void, void>::~Callback()
                0x08001128                touchgfx::Callback<MainScreenViewBase, touchgfx::AbstractButton const&, void, void>::~Callback()
 .text._ZN8touchgfx8CallbackI18MainScreenViewBaseRKNS_14AbstractButtonEvvE7executeES4_
                0x0800112a       0x1e TouchGFX/build/STM32F429IDISCO/TouchGFX/generated/gui_generated/src/mainscreen_screen/MainScreenViewBase.o
                0x0800112a                touchgfx::Callback<MainScreenViewBase, touchgfx::AbstractButton const&, void, void>::execute(touchgfx::AbstractButton const&)
 .text._ZNK8touchgfx8CallbackI18MainScreenViewBaseRKNS_14AbstractButtonEvvE7isValidEv
                0x08001148       0x18 TouchGFX/build/STM32F429IDISCO/TouchGFX/generated/gui_generated/src/mainscreen_screen/MainScreenViewBase.o
                0x08001148                touchgfx::Callback<MainScreenViewBase, touchgfx::AbstractButton const&, void, void>::isValid() const
 .text._ZN8touchgfx8CallbackI18MainScreenViewBaseRKNS_14AbstractButtonEvvED0Ev
                0x08001160        0xe TouchGFX/build/STM32F429IDISCO/TouchGFX/generated/gui_generated/src/mainscreen_screen/MainScreenViewBase.o
                0x08001160                touchgfx::Callback<MainScreenViewBase, touchgfx::AbstractButton const&, void, void>::~Callback()
 .text._ZN18MainScreenViewBaseD0Ev
                0x0800116e       0x10 TouchGFX/build/STM32F429IDISCO/TouchGFX/generated/gui_generated/src/mainscreen_screen/MainScreenViewBase.o
                0x0800116e                MainScreenViewBase::~MainScreenViewBase()
 .text._ZN18MainScreenViewBase21buttonCallbackHandlerERKN8touchgfx14AbstractButtonE
                0x0800117e       0x16 TouchGFX/build/STM32F429IDISCO/TouchGFX/generated/gui_generated/src/mainscreen_screen/MainScreenViewBase.o
                0x0800117e                MainScreenViewBase::buttonCallbackHandler(touchgfx::AbstractButton const&)
 .text._ZN8touchgfx8Drawable11setPositionEssss
                0x08001194       0x26 TouchGFX/build/STM32F429IDISCO/TouchGFX/generated/gui_generated/src/mainscreen_screen/MainScreenViewBase.o
                0x08001194                touchgfx::Drawable::setPosition(short, short, short, short)
 *fill*         0x080011ba        0x2 
 .text._ZN8touchgfx5ImageC2ERKNS_6BitmapE
                0x080011bc       0x34 TouchGFX/build/STM32F429IDISCO/TouchGFX/generated/gui_generated/src/mainscreen_screen/MainScreenViewBase.o
                0x080011bc                touchgfx::Image::Image(touchgfx::Bitmap const&)
                0x080011bc                touchgfx::Image::Image(touchgfx::Bitmap const&)
 .text._ZN18MainScreenViewBaseC2Ev
                0x080011f0      0x274 TouchGFX/build/STM32F429IDISCO/TouchGFX/generated/gui_generated/src/mainscreen_screen/MainScreenViewBase.o
                0x080011f0                MainScreenViewBase::MainScreenViewBase()
                0x080011f0                MainScreenViewBase::MainScreenViewBase()
 .text._ZN8touchgfx10Transition8tearDownEv
                0x08001464        0x2 TouchGFX/build/STM32F429IDISCO/TouchGFX/generated/gui_generated/src/common/FrontendApplicationBase.o
                0x08001464                touchgfx::Transition::tearDown()
 .text._ZN8touchgfx10Transition4initEv
                0x08001466        0x2 TouchGFX/build/STM32F429IDISCO/TouchGFX/generated/gui_generated/src/common/FrontendApplicationBase.o
                0x08001466                touchgfx::Transition::init()
 .text._ZN8touchgfx10Transition18setScreenContainerERNS_9ContainerE
                0x08001468        0x4 TouchGFX/build/STM32F429IDISCO/TouchGFX/generated/gui_generated/src/common/FrontendApplicationBase.o
                0x08001468                touchgfx::Transition::setScreenContainer(touchgfx::Container&)
 .text._ZN23FrontendApplicationBaseD2Ev
                0x0800146c        0x2 TouchGFX/build/STM32F429IDISCO/TouchGFX/generated/gui_generated/src/common/FrontendApplicationBase.o
                0x0800146c                FrontendApplicationBase::~FrontendApplicationBase()
                0x0800146c                FrontendApplicationBase::~FrontendApplicationBase()
 .text._ZN8touchgfx12NoTransition15handleTickEventEv
                0x0800146e        0x6 TouchGFX/build/STM32F429IDISCO/TouchGFX/generated/gui_generated/src/common/FrontendApplicationBase.o
                0x0800146e                touchgfx::NoTransition::handleTickEvent()
 .text._ZN8touchgfx8CallbackINS_15SlideTransitionILNS_9DirectionE3EEERNS_8DrawableEvvED2Ev
                0x08001474        0x2 TouchGFX/build/STM32F429IDISCO/TouchGFX/generated/gui_generated/src/common/FrontendApplicationBase.o
                0x08001474                touchgfx::Callback<touchgfx::SlideTransition<(touchgfx::Direction)3>, touchgfx::Drawable&, void, void>::~Callback()
                0x08001474                touchgfx::Callback<touchgfx::SlideTransition<(touchgfx::Direction)3>, touchgfx::Drawable&, void, void>::~Callback()
 .text._ZN8touchgfx8CallbackINS_15SlideTransitionILNS_9DirectionE2EEERNS_8DrawableEvvED2Ev
                0x08001476        0x2 TouchGFX/build/STM32F429IDISCO/TouchGFX/generated/gui_generated/src/common/FrontendApplicationBase.o
                0x08001476                touchgfx::Callback<touchgfx::SlideTransition<(touchgfx::Direction)2>, touchgfx::Drawable&, void, void>::~Callback()
                0x08001476                touchgfx::Callback<touchgfx::SlideTransition<(touchgfx::Direction)2>, touchgfx::Drawable&, void, void>::~Callback()
 .text._ZN8touchgfx15SlideTransitionILNS_9DirectionE3EED2Ev
                0x08001478        0x2 TouchGFX/build/STM32F429IDISCO/TouchGFX/generated/gui_generated/src/common/FrontendApplicationBase.o
                0x08001478                touchgfx::SlideTransition<(touchgfx::Direction)3>::~SlideTransition()
                0x08001478                touchgfx::SlideTransition<(touchgfx::Direction)3>::~SlideTransition()
 .text._ZN8touchgfx15SlideTransitionILNS_9DirectionE2EED2Ev
                0x0800147a        0x2 TouchGFX/build/STM32F429IDISCO/TouchGFX/generated/gui_generated/src/common/FrontendApplicationBase.o
                0x0800147a                touchgfx::SlideTransition<(touchgfx::Direction)2>::~SlideTransition()
                0x0800147a                touchgfx::SlideTransition<(touchgfx::Direction)2>::~SlideTransition()
 .text._ZN8touchgfx12NoTransitionD2Ev
                0x0800147c        0x2 TouchGFX/build/STM32F429IDISCO/TouchGFX/generated/gui_generated/src/common/FrontendApplicationBase.o
                0x0800147c                touchgfx::NoTransition::~NoTransition()
                0x0800147c                touchgfx::NoTransition::~NoTransition()
 .text._ZN8touchgfx8CallbackI23FrontendApplicationBasevvvED2Ev
                0x0800147e        0x2 TouchGFX/build/STM32F429IDISCO/TouchGFX/generated/gui_generated/src/common/FrontendApplicationBase.o
                0x0800147e                touchgfx::Callback<FrontendApplicationBase, void, void, void>::~Callback()
                0x0800147e                touchgfx::Callback<FrontendApplicationBase, void, void, void>::~Callback()
 .text._ZN8touchgfx15SlideTransitionILNS_9DirectionE3EE16initMoveDrawableERNS_8DrawableE
                0x08001480       0x18 TouchGFX/build/STM32F429IDISCO/TouchGFX/generated/gui_generated/src/common/FrontendApplicationBase.o
                0x08001480                touchgfx::SlideTransition<(touchgfx::Direction)3>::initMoveDrawable(touchgfx::Drawable&)
 .text._ZN8touchgfx8CallbackINS_15SlideTransitionILNS_9DirectionE3EEERNS_8DrawableEvvE7executeES5_
                0x08001498       0x1e TouchGFX/build/STM32F429IDISCO/TouchGFX/generated/gui_generated/src/common/FrontendApplicationBase.o
                0x08001498                touchgfx::Callback<touchgfx::SlideTransition<(touchgfx::Direction)3>, touchgfx::Drawable&, void, void>::execute(touchgfx::Drawable&)
 .text._ZNK8touchgfx8CallbackINS_15SlideTransitionILNS_9DirectionE3EEERNS_8DrawableEvvE7isValidEv
                0x080014b6       0x18 TouchGFX/build/STM32F429IDISCO/TouchGFX/generated/gui_generated/src/common/FrontendApplicationBase.o
                0x080014b6                touchgfx::Callback<touchgfx::SlideTransition<(touchgfx::Direction)3>, touchgfx::Drawable&, void, void>::isValid() const
 *fill*         0x080014ce        0x2 
 .text._ZN8touchgfx15SlideTransitionILNS_9DirectionE2EE16initMoveDrawableERNS_8DrawableE
                0x080014d0       0x14 TouchGFX/build/STM32F429IDISCO/TouchGFX/generated/gui_generated/src/common/FrontendApplicationBase.o
                0x080014d0                touchgfx::SlideTransition<(touchgfx::Direction)2>::initMoveDrawable(touchgfx::Drawable&)
 .text._ZN8touchgfx8CallbackINS_15SlideTransitionILNS_9DirectionE2EEERNS_8DrawableEvvE7executeES5_
                0x080014e4       0x1e TouchGFX/build/STM32F429IDISCO/TouchGFX/generated/gui_generated/src/common/FrontendApplicationBase.o
                0x080014e4                touchgfx::Callback<touchgfx::SlideTransition<(touchgfx::Direction)2>, touchgfx::Drawable&, void, void>::execute(touchgfx::Drawable&)
 .text._ZNK8touchgfx8CallbackINS_15SlideTransitionILNS_9DirectionE2EEERNS_8DrawableEvvE7isValidEv
                0x08001502       0x18 TouchGFX/build/STM32F429IDISCO/TouchGFX/generated/gui_generated/src/common/FrontendApplicationBase.o
                0x08001502                touchgfx::Callback<touchgfx::SlideTransition<(touchgfx::Direction)2>, touchgfx::Drawable&, void, void>::isValid() const
 .text._ZN8touchgfx8CallbackI23FrontendApplicationBasevvvE7executeEv
                0x0800151a       0x20 TouchGFX/build/STM32F429IDISCO/TouchGFX/generated/gui_generated/src/common/FrontendApplicationBase.o
                0x0800151a                touchgfx::Callback<FrontendApplicationBase, void, void, void>::execute()
 .text._ZNK8touchgfx8CallbackI23FrontendApplicationBasevvvE7isValidEv
                0x0800153a       0x18 TouchGFX/build/STM32F429IDISCO/TouchGFX/generated/gui_generated/src/common/FrontendApplicationBase.o
                0x0800153a                touchgfx::Callback<FrontendApplicationBase, void, void, void>::isValid() const
 .text._ZN8touchgfx12NoTransitionD0Ev
                0x08001552        0xe TouchGFX/build/STM32F429IDISCO/TouchGFX/generated/gui_generated/src/common/FrontendApplicationBase.o
                0x08001552                touchgfx::NoTransition::~NoTransition()
 .text._ZN23FrontendApplicationBaseD0Ev
                0x08001560       0x10 TouchGFX/build/STM32F429IDISCO/TouchGFX/generated/gui_generated/src/common/FrontendApplicationBase.o
                0x08001560                FrontendApplicationBase::~FrontendApplicationBase()
 .text._ZN8touchgfx8CallbackI23FrontendApplicationBasevvvED0Ev
                0x08001570        0xe TouchGFX/build/STM32F429IDISCO/TouchGFX/generated/gui_generated/src/common/FrontendApplicationBase.o
                0x08001570                touchgfx::Callback<FrontendApplicationBase, void, void, void>::~Callback()
 .text._ZN8touchgfx15SlideTransitionILNS_9DirectionE3EED0Ev
                0x0800157e        0xe TouchGFX/build/STM32F429IDISCO/TouchGFX/generated/gui_generated/src/common/FrontendApplicationBase.o
                0x0800157e                touchgfx::SlideTransition<(touchgfx::Direction)3>::~SlideTransition()
 .text._ZN8touchgfx8CallbackINS_15SlideTransitionILNS_9DirectionE3EEERNS_8DrawableEvvED0Ev
                0x0800158c        0xe TouchGFX/build/STM32F429IDISCO/TouchGFX/generated/gui_generated/src/common/FrontendApplicationBase.o
                0x0800158c                touchgfx::Callback<touchgfx::SlideTransition<(touchgfx::Direction)3>, touchgfx::Drawable&, void, void>::~Callback()
 .text._ZN8touchgfx15SlideTransitionILNS_9DirectionE2EED0Ev
                0x0800159a        0xe TouchGFX/build/STM32F429IDISCO/TouchGFX/generated/gui_generated/src/common/FrontendApplicationBase.o
                0x0800159a                touchgfx::SlideTransition<(touchgfx::Direction)2>::~SlideTransition()
 .text._ZN8touchgfx8CallbackINS_15SlideTransitionILNS_9DirectionE2EEERNS_8DrawableEvvED0Ev
                0x080015a8        0xe TouchGFX/build/STM32F429IDISCO/TouchGFX/generated/gui_generated/src/common/FrontendApplicationBase.o
                0x080015a8                touchgfx::Callback<touchgfx::SlideTransition<(touchgfx::Direction)2>, touchgfx::Drawable&, void, void>::~Callback()
 .text._ZN8touchgfx10Transition10invalidateEv
                0x080015b6       0x10 TouchGFX/build/STM32F429IDISCO/TouchGFX/generated/gui_generated/src/common/FrontendApplicationBase.o
                0x080015b6                touchgfx::Transition::invalidate()
 .text._ZN8touchgfx15SlideTransitionILNS_9DirectionE3EE16tickMoveDrawableERNS_8DrawableE
                0x080015c6       0x24 TouchGFX/build/STM32F429IDISCO/TouchGFX/generated/gui_generated/src/common/FrontendApplicationBase.o
                0x080015c6                touchgfx::SlideTransition<(touchgfx::Direction)3>::tickMoveDrawable(touchgfx::Drawable&)
 .text._ZN8touchgfx15SlideTransitionILNS_9DirectionE2EE16tickMoveDrawableERNS_8DrawableE
                0x080015ea       0x24 TouchGFX/build/STM32F429IDISCO/TouchGFX/generated/gui_generated/src/common/FrontendApplicationBase.o
                0x080015ea                touchgfx::SlideTransition<(touchgfx::Direction)2>::tickMoveDrawable(touchgfx::Drawable&)
 *fill*         0x0800160e        0x2 
 .text._ZN8touchgfx15SlideTransitionILNS_9DirectionE3EE8tearDownEv
                0x08001610       0x1c TouchGFX/build/STM32F429IDISCO/TouchGFX/generated/gui_generated/src/common/FrontendApplicationBase.o
                0x08001610                touchgfx::SlideTransition<(touchgfx::Direction)3>::tearDown()
 .text._ZN8touchgfx15SlideTransitionILNS_9DirectionE2EE8tearDownEv
                0x0800162c       0x1c TouchGFX/build/STM32F429IDISCO/TouchGFX/generated/gui_generated/src/common/FrontendApplicationBase.o
                0x0800162c                touchgfx::SlideTransition<(touchgfx::Direction)2>::tearDown()
 .text._ZN8touchgfx15SlideTransitionILNS_9DirectionE3EE15handleTickEventEv
                0x08001648       0x84 TouchGFX/build/STM32F429IDISCO/TouchGFX/generated/gui_generated/src/common/FrontendApplicationBase.o
                0x08001648                touchgfx::SlideTransition<(touchgfx::Direction)3>::handleTickEvent()
 .text._ZN8touchgfx15SlideTransitionILNS_9DirectionE2EE15handleTickEventEv
                0x080016cc       0x84 TouchGFX/build/STM32F429IDISCO/TouchGFX/generated/gui_generated/src/common/FrontendApplicationBase.o
                0x080016cc                touchgfx::SlideTransition<(touchgfx::Direction)2>::handleTickEvent()
 .text._ZN8touchgfx15SlideTransitionILNS_9DirectionE3EE4initEv
                0x08001750       0x3c TouchGFX/build/STM32F429IDISCO/TouchGFX/generated/gui_generated/src/common/FrontendApplicationBase.o
                0x08001750                touchgfx::SlideTransition<(touchgfx::Direction)3>::init()
 .text._ZN8touchgfx15SlideTransitionILNS_9DirectionE2EE4initEv
                0x0800178c       0x3c TouchGFX/build/STM32F429IDISCO/TouchGFX/generated/gui_generated/src/common/FrontendApplicationBase.o
                0x0800178c                touchgfx::SlideTransition<(touchgfx::Direction)2>::init()
 .text._ZN8touchgfx8Drawable14setWidthHeightEss
                0x080017c8       0x1a TouchGFX/build/STM32F429IDISCO/TouchGFX/generated/gui_generated/src/common/FrontendApplicationBase.o
                0x080017c8                touchgfx::Drawable::setWidthHeight(short, short)
 *fill*         0x080017e2        0x2 
 .text._ZN23FrontendApplicationBaseC2ER5ModelR12FrontendHeap
                0x080017e4       0x70 TouchGFX/build/STM32F429IDISCO/TouchGFX/generated/gui_generated/src/common/FrontendApplicationBase.o
                0x080017e4                FrontendApplicationBase::FrontendApplicationBase(Model&, FrontendHeap&)
                0x080017e4                FrontendApplicationBase::FrontendApplicationBase(Model&, FrontendHeap&)
 .text._ZN23FrontendApplicationBase32gotoMainScreenScreenNoTransitionEv
                0x08001854       0x20 TouchGFX/build/STM32F429IDISCO/TouchGFX/generated/gui_generated/src/common/FrontendApplicationBase.o
                0x08001854                FrontendApplicationBase::gotoMainScreenScreenNoTransition()
 .text._ZN23FrontendApplicationBase39gotoMainScreenScreenSlideTransitionWestEv
                0x08001874       0x20 TouchGFX/build/STM32F429IDISCO/TouchGFX/generated/gui_generated/src/common/FrontendApplicationBase.o
                0x08001874                FrontendApplicationBase::gotoMainScreenScreenSlideTransitionWest()
 .text._ZN23FrontendApplicationBase40gotoMotorScreenScreenSlideTransitionEastEv
                0x08001894       0x20 TouchGFX/build/STM32F429IDISCO/TouchGFX/generated/gui_generated/src/common/FrontendApplicationBase.o
                0x08001894                FrontendApplicationBase::gotoMotorScreenScreenSlideTransitionEast()
 .text._ZN8touchgfx14makeTransitionI14MainScreenView19MainScreenPresenterNS_12NoTransitionE5ModelEEPT0_PPNS_6ScreenEPPNS_9PresenterERNS_7MVPHeapEPPNS_10TransitionEPT2_
                0x080018b4      0x140 TouchGFX/build/STM32F429IDISCO/TouchGFX/generated/gui_generated/src/common/FrontendApplicationBase.o
                0x080018b4                MainScreenPresenter* touchgfx::makeTransition<MainScreenView, MainScreenPresenter, touchgfx::NoTransition, Model>(touchgfx::Screen**, touchgfx::Presenter**, touchgfx::MVPHeap&, touchgfx::Transition**, Model*)
 .text._ZN23FrontendApplicationBase36gotoMainScreenScreenNoTransitionImplEv
                0x080019f4       0x28 TouchGFX/build/STM32F429IDISCO/TouchGFX/generated/gui_generated/src/common/FrontendApplicationBase.o
                0x080019f4                FrontendApplicationBase::gotoMainScreenScreenNoTransitionImpl()
 .text._ZN8touchgfx14makeTransitionI14MainScreenView19MainScreenPresenterNS_15SlideTransitionILNS_9DirectionE3EEE5ModelEEPT0_PPNS_6ScreenEPPNS_9PresenterERNS_7MVPHeapEPPNS_10TransitionEPT2_
                0x08001a1c      0x1a0 TouchGFX/build/STM32F429IDISCO/TouchGFX/generated/gui_generated/src/common/FrontendApplicationBase.o
                0x08001a1c                MainScreenPresenter* touchgfx::makeTransition<MainScreenView, MainScreenPresenter, touchgfx::SlideTransition<(touchgfx::Direction)3>, Model>(touchgfx::Screen**, touchgfx::Presenter**, touchgfx::MVPHeap&, touchgfx::Transition**, Model*)
 .text._ZN23FrontendApplicationBase43gotoMainScreenScreenSlideTransitionWestImplEv
                0x08001bbc       0x28 TouchGFX/build/STM32F429IDISCO/TouchGFX/generated/gui_generated/src/common/FrontendApplicationBase.o
                0x08001bbc                FrontendApplicationBase::gotoMainScreenScreenSlideTransitionWestImpl()
 .text._ZN8touchgfx14makeTransitionI15MotorScreenView20MotorScreenPresenterNS_15SlideTransitionILNS_9DirectionE2EEE5ModelEEPT0_PPNS_6ScreenEPPNS_9PresenterERNS_7MVPHeapEPPNS_10TransitionEPT2_
                0x08001be4      0x1a0 TouchGFX/build/STM32F429IDISCO/TouchGFX/generated/gui_generated/src/common/FrontendApplicationBase.o
                0x08001be4                MotorScreenPresenter* touchgfx::makeTransition<MotorScreenView, MotorScreenPresenter, touchgfx::SlideTransition<(touchgfx::Direction)2>, Model>(touchgfx::Screen**, touchgfx::Presenter**, touchgfx::MVPHeap&, touchgfx::Transition**, Model*)
 .text._ZN23FrontendApplicationBase44gotoMotorScreenScreenSlideTransitionEastImplEv
                0x08001d84       0x28 TouchGFX/build/STM32F429IDISCO/TouchGFX/generated/gui_generated/src/common/FrontendApplicationBase.o
                0x08001d84                FrontendApplicationBase::gotoMotorScreenScreenSlideTransitionEastImpl()
 .text._ZNK8touchgfx4Font8getGlyphEt
                0x08001dac       0x1e TouchGFX/build/STM32F429IDISCO/TouchGFX/generated/fonts/src/GeneratedFont.o
                0x08001dac                touchgfx::Font::getGlyph(unsigned short) const
 .text._ZNK8touchgfx4Font15getFallbackCharEv
                0x08001dca        0x4 TouchGFX/build/STM32F429IDISCO/TouchGFX/generated/fonts/src/GeneratedFont.o
                0x08001dca                touchgfx::Font::getFallbackChar() const
 .text._ZNK8touchgfx4Font15getEllipsisCharEv
                0x08001dce        0x4 TouchGFX/build/STM32F429IDISCO/TouchGFX/generated/fonts/src/GeneratedFont.o
                0x08001dce                touchgfx::Font::getEllipsisChar() const
 .text._ZNK8touchgfx4Font13getFontHeightEv
                0x08001dd2        0x4 TouchGFX/build/STM32F429IDISCO/TouchGFX/generated/fonts/src/GeneratedFont.o
                0x08001dd2                touchgfx::Font::getFontHeight() const
 .text._ZNK8touchgfx4Font20getMinimumTextHeightEv
                0x08001dd6        0xa TouchGFX/build/STM32F429IDISCO/TouchGFX/generated/fonts/src/GeneratedFont.o
                0x08001dd6                touchgfx::Font::getMinimumTextHeight() const
 .text._ZNK8touchgfx4Font15getBitsPerPixelEv
                0x08001de0        0x8 TouchGFX/build/STM32F429IDISCO/TouchGFX/generated/fonts/src/GeneratedFont.o
                0x08001de0                touchgfx::Font::getBitsPerPixel() const
 .text._ZNK8touchgfx4Font15getByteAlignRowEv
                0x08001de8        0x6 TouchGFX/build/STM32F429IDISCO/TouchGFX/generated/fonts/src/GeneratedFont.o
                0x08001de8                touchgfx::Font::getByteAlignRow() const
 .text._ZNK8touchgfx13GeneratedFont12getGSUBTableEv
                0x08001dee        0x4 TouchGFX/build/STM32F429IDISCO/TouchGFX/generated/fonts/src/GeneratedFont.o
                0x08001dee                touchgfx::GeneratedFont::getGSUBTable() const
 .text._ZN8touchgfx13GeneratedFontD2Ev
                0x08001df2        0x2 TouchGFX/build/STM32F429IDISCO/TouchGFX/generated/fonts/src/GeneratedFont.o
                0x08001df2                touchgfx::GeneratedFont::~GeneratedFont()
                0x08001df2                touchgfx::GeneratedFont::~GeneratedFont()
 .text._ZNK8touchgfx13GeneratedFont12getPixelDataEPKNS_9GlyphNodeE
                0x08001df4       0x10 TouchGFX/build/STM32F429IDISCO/TouchGFX/generated/fonts/src/GeneratedFont.o
                0x08001df4                touchgfx::GeneratedFont::getPixelData(touchgfx::GlyphNode const*) const
 .text._ZNK8touchgfx13GeneratedFont10getKerningEtPKNS_9GlyphNodeE
                0x08001e04       0x3a TouchGFX/build/STM32F429IDISCO/TouchGFX/generated/fonts/src/GeneratedFont.o
                0x08001e04                touchgfx::GeneratedFont::getKerning(unsigned short, touchgfx::GlyphNode const*) const
 .text._ZN8touchgfx13GeneratedFontD0Ev
                0x08001e3e        0xe TouchGFX/build/STM32F429IDISCO/TouchGFX/generated/fonts/src/GeneratedFont.o
                0x08001e3e                touchgfx::GeneratedFont::~GeneratedFont()
 .text._ZN8touchgfx13GeneratedFontC2EPKNS_9GlyphNodeEtthhhhhPKPKhPKNS_11KerningNodeEttPKt
                0x08001e4c       0x50 TouchGFX/build/STM32F429IDISCO/TouchGFX/generated/fonts/src/GeneratedFont.o
                0x08001e4c                touchgfx::GeneratedFont::GeneratedFont(touchgfx::GlyphNode const*, unsigned short, unsigned short, unsigned char, unsigned char, unsigned char, unsigned char, unsigned char, unsigned char const* const*, touchgfx::KerningNode const*, unsigned short, unsigned short, unsigned short const*)
                0x08001e4c                touchgfx::GeneratedFont::GeneratedFont(touchgfx::GlyphNode const*, unsigned short, unsigned short, unsigned char, unsigned char, unsigned char, unsigned char, unsigned char, unsigned char const* const*, touchgfx::KerningNode const*, unsigned short, unsigned short, unsigned short const*)
 .text._Z23getFont_verdana_10_4bppv
                0x08001e9c       0x74 TouchGFX/build/STM32F429IDISCO/TouchGFX/generated/fonts/src/Table_verdana_10_4bpp.o
                0x08001e9c                getFont_verdana_10_4bpp()
 .text._Z23getFont_verdana_40_4bppv
                0x08001f10       0x74 TouchGFX/build/STM32F429IDISCO/TouchGFX/generated/fonts/src/Table_verdana_40_4bpp.o
                0x08001f10                getFont_verdana_40_4bpp()
 .text._Z23getFont_verdana_20_4bppv
                0x08001f84       0x78 TouchGFX/build/STM32F429IDISCO/TouchGFX/generated/fonts/src/Table_verdana_20_4bpp.o
                0x08001f84                getFont_verdana_20_4bpp()
 .text._ZN23ApplicationFontProviderD2Ev
                0x08001ffc        0x2 TouchGFX/build/STM32F429IDISCO/TouchGFX/generated/fonts/src/ApplicationFontProvider.o
                0x08001ffc                ApplicationFontProvider::~ApplicationFontProvider()
                0x08001ffc                ApplicationFontProvider::~ApplicationFontProvider()
 .text._ZN23ApplicationFontProviderD0Ev
                0x08001ffe        0xe TouchGFX/build/STM32F429IDISCO/TouchGFX/generated/fonts/src/ApplicationFontProvider.o
                0x08001ffe                ApplicationFontProvider::~ApplicationFontProvider()
 .text._ZN23ApplicationFontProvider7getFontEt
                0x0800200c       0x28 TouchGFX/build/STM32F429IDISCO/TouchGFX/generated/fonts/src/ApplicationFontProvider.o
                0x0800200c                ApplicationFontProvider::getFont(unsigned short)
 .text._ZN14BitmapDatabase11getInstanceEv
                0x08002034        0x8 TouchGFX/build/STM32F429IDISCO/TouchGFX/generated/images/src/BitmapDatabase.o
                0x08002034                BitmapDatabase::getInstance()
 .text._ZN14BitmapDatabase15getInstanceSizeEv
                0x0800203c        0x4 TouchGFX/build/STM32F429IDISCO/TouchGFX/generated/images/src/BitmapDatabase.o
                0x0800203c                BitmapDatabase::getInstanceSize()
 .text._ZN17TypedTextDatabase15getInstanceSizeEv
                0x08002040        0x4 TouchGFX/build/STM32F429IDISCO/TouchGFX/generated/texts/src/TypedTextDatabase.o
                0x08002040                TypedTextDatabase::getInstanceSize()
 .text._ZN17TypedTextDatabase8getFontsEv
                0x08002044        0x8 TouchGFX/build/STM32F429IDISCO/TouchGFX/generated/texts/src/TypedTextDatabase.o
                0x08002044                TypedTextDatabase::getFonts()
 .text.startup._GLOBAL__sub_I_touchgfx_fonts
                0x0800204c       0x1c TouchGFX/build/STM32F429IDISCO/TouchGFX/generated/texts/src/TypedTextDatabase.o
 .text._ZNK8touchgfx4Font12getGSUBTableEv
                0x08002068        0x4 TouchGFX/build/STM32F429IDISCO/TouchGFX/generated/texts/src/Texts.o
                0x08002068                touchgfx::Font::getGSUBTable() const
 .text._ZNK8touchgfx4Font14getStringWidthEPKtz
                0x0800206c       0x1c TouchGFX/build/STM32F429IDISCO/TouchGFX/generated/texts/src/Texts.o
                0x0800206c                touchgfx::Font::getStringWidth(unsigned short const*, ...) const
 .text._ZNK8touchgfx4Font14getStringWidthEhPKtz
                0x08002088       0x1a TouchGFX/build/STM32F429IDISCO/TouchGFX/generated/texts/src/Texts.o
                0x08002088                touchgfx::Font::getStringWidth(unsigned char, unsigned short const*, ...) const
 *fill*         0x080020a2        0x2 
 .text._ZN8touchgfx12TextProvider15getNextLigatureEh
                0x080020a4       0x84 TouchGFX/build/STM32F429IDISCO/TouchGFX/generated/texts/src/Texts.o
                0x080020a4                touchgfx::TextProvider::getNextLigature(unsigned char)
 .text._ZN8touchgfx12TextProvider18initializeInternalEv
                0x08002128        0x4 TouchGFX/build/STM32F429IDISCO/TouchGFX/generated/texts/src/Texts.o
                0x08002128                touchgfx::TextProvider::initializeInternal()
 .text._ZN8touchgfx3LCD10drawStringENS_4RectERKS1_RKNS0_13StringVisualsEPKtz
                0x0800212c       0x22 TouchGFX/build/STM32F429IDISCO/TouchGFX/generated/texts/src/Texts.o
                0x0800212c                touchgfx::LCD::drawString(touchgfx::Rect, touchgfx::Rect const&, touchgfx::LCD::StringVisuals const&, unsigned short const*, ...)
 *fill*         0x0800214e        0x2 
 .text._ZN8touchgfx5Texts11setLanguageEt
                0x08002150       0x74 TouchGFX/build/STM32F429IDISCO/TouchGFX/generated/texts/src/Texts.o
                0x08002150                touchgfx::Texts::setLanguage(unsigned short)
 .text._ZNK8touchgfx5Texts7getTextEt
                0x080021c4       0x1c TouchGFX/build/STM32F429IDISCO/TouchGFX/generated/texts/src/Texts.o
                0x080021c4                touchgfx::Texts::getText(unsigned short) const
 .text._ZN8touchgfx3HAL21setDisplayOrientationENS_18DisplayOrientationE
                0x080021e0        0xc TouchGFX/build/STM32F429IDISCO/TouchGFX/target/generated/TouchGFXGeneratedHAL.o
                0x080021e0                touchgfx::HAL::setDisplayOrientation(touchgfx::DisplayOrientation)
 .text._ZN8touchgfx3HAL9sampleKeyERh
                0x080021ec        0x4 TouchGFX/build/STM32F429IDISCO/TouchGFX/target/generated/TouchGFXGeneratedHAL.o
                0x080021ec                touchgfx::HAL::sampleKey(unsigned char&)
 .text._ZNK8touchgfx3HAL18getFlashDataReaderEv
                0x080021f0        0x4 TouchGFX/build/STM32F429IDISCO/TouchGFX/target/generated/TouchGFXGeneratedHAL.o
                0x080021f0                touchgfx::HAL::getFlashDataReader() const
 .text._ZN8touchgfx3HAL9taskDelayEt
                0x080021f4        0xa TouchGFX/build/STM32F429IDISCO/TouchGFX/target/generated/TouchGFXGeneratedHAL.o
                0x080021f4                touchgfx::HAL::taskDelay(unsigned short)
 .text._ZN8touchgfx3HAL17getTFTCurrentLineEv
                0x080021fe        0x6 TouchGFX/build/STM32F429IDISCO/TouchGFX/target/generated/TouchGFXGeneratedHAL.o
                0x080021fe                touchgfx::HAL::getTFTCurrentLine()
 .text._ZN8touchgfx3HAL10getDMATypeEv
                0x08002204        0x8 TouchGFX/build/STM32F429IDISCO/TouchGFX/target/generated/TouchGFXGeneratedHAL.o
                0x08002204                touchgfx::HAL::getDMAType()
 .text._ZN8touchgfx3HAL15InvalidateCacheEv
                0x0800220c        0x2 TouchGFX/build/STM32F429IDISCO/TouchGFX/target/generated/TouchGFXGeneratedHAL.o
                0x0800220c                touchgfx::HAL::InvalidateCache()
 .text._ZN8touchgfx3HAL10FlushCacheEv
                0x0800220e        0x2 TouchGFX/build/STM32F429IDISCO/TouchGFX/target/generated/TouchGFXGeneratedHAL.o
                0x0800220e                touchgfx::HAL::FlushCache()
 .text._ZN20TouchGFXGeneratedHAL19configureInterruptsEv
                0x08002210       0x14 TouchGFX/build/STM32F429IDISCO/TouchGFX/target/generated/TouchGFXGeneratedHAL.o
                0x08002210                TouchGFXGeneratedHAL::configureInterrupts()
 .text._ZN20TouchGFXGeneratedHAL28enableLCDControllerInterruptEv
                0x08002224       0x34 TouchGFX/build/STM32F429IDISCO/TouchGFX/target/generated/TouchGFXGeneratedHAL.o
                0x08002224                TouchGFXGeneratedHAL::enableLCDControllerInterrupt()
 .text._ZNK20TouchGFXGeneratedHAL17getTFTFrameBufferEv
                0x08002258        0xc TouchGFX/build/STM32F429IDISCO/TouchGFX/target/generated/TouchGFXGeneratedHAL.o
                0x08002258                TouchGFXGeneratedHAL::getTFTFrameBuffer() const
 .text._ZN20TouchGFXGeneratedHAL17setTFTFrameBufferEPt
                0x08002264       0x10 TouchGFX/build/STM32F429IDISCO/TouchGFX/target/generated/TouchGFXGeneratedHAL.o
                0x08002264                TouchGFXGeneratedHAL::setTFTFrameBuffer(unsigned short*)
 .text._ZN8touchgfx3HAL28setFrameBufferStartAddressesEPvS1_S1_
                0x08002274       0x44 TouchGFX/build/STM32F429IDISCO/TouchGFX/target/generated/TouchGFXGeneratedHAL.o
                0x08002274                touchgfx::HAL::setFrameBufferStartAddresses(void*, void*, void*)
 .text._ZN20TouchGFXGeneratedHAL16flushFrameBufferERKN8touchgfx4RectE
                0x080022b8        0x4 TouchGFX/build/STM32F429IDISCO/TouchGFX/target/generated/TouchGFXGeneratedHAL.o
                0x080022b8                TouchGFXGeneratedHAL::flushFrameBuffer(touchgfx::Rect const&)
 .text._ZN20TouchGFXGeneratedHAL9blockCopyEPvPKvm
                0x080022bc        0x4 TouchGFX/build/STM32F429IDISCO/TouchGFX/target/generated/TouchGFXGeneratedHAL.o
                0x080022bc                TouchGFXGeneratedHAL::blockCopy(void*, void const*, unsigned long)
 .text._ZN8touchgfx3HAL15backPorchExitedEv
                0x080022c0       0x16 TouchGFX/build/STM32F429IDISCO/TouchGFX/target/generated/TouchGFXGeneratedHAL.o
                0x080022c0                touchgfx::HAL::backPorchExited()
 .text._ZN8touchgfx3HAL11getBlitCapsEv
                0x080022d6       0x12 TouchGFX/build/STM32F429IDISCO/TouchGFX/target/generated/TouchGFXGeneratedHAL.o
                0x080022d6                touchgfx::HAL::getBlitCaps()
 .text._ZN8touchgfx3HAL31performDisplayOrientationChangeEv
                0x080022e8       0x60 TouchGFX/build/STM32F429IDISCO/TouchGFX/target/generated/TouchGFXGeneratedHAL.o
                0x080022e8                touchgfx::HAL::performDisplayOrientationChange()
 .text._ZN20TouchGFXGeneratedHAL16enableInterruptsEv
                0x08002348       0x14 TouchGFX/build/STM32F429IDISCO/TouchGFX/target/generated/TouchGFXGeneratedHAL.o
                0x08002348                TouchGFXGeneratedHAL::enableInterrupts()
 .text._ZN20TouchGFXGeneratedHAL17disableInterruptsEv
                0x0800235c       0x28 TouchGFX/build/STM32F429IDISCO/TouchGFX/target/generated/TouchGFXGeneratedHAL.o
                0x0800235c                TouchGFXGeneratedHAL::disableInterrupts()
 .text._ZN20TouchGFXGeneratedHAL10initializeEv
                0x08002384       0x30 TouchGFX/build/STM32F429IDISCO/TouchGFX/target/generated/TouchGFXGeneratedHAL.o
                0x08002384                TouchGFXGeneratedHAL::initialize()
 .text.HAL_LTDC_LineEventCallback
                0x080023b4       0x60 TouchGFX/build/STM32F429IDISCO/TouchGFX/target/generated/TouchGFXGeneratedHAL.o
                0x080023b4                HAL_LTDC_LineEventCallback
 .text._ZN8touchgfx13DMA_Interface5flushEv
                0x08002414        0x6 TouchGFX/build/STM32F429IDISCO/TouchGFX/target/generated/STM32DMA.o
                0x08002414                touchgfx::DMA_Interface::flush()
 .text._ZN10STM32F4DMA10getDMATypeEv
                0x0800241a        0x4 TouchGFX/build/STM32F429IDISCO/TouchGFX/target/generated/STM32DMA.o
                0x0800241a                STM32F4DMA::getDMAType()
 .text._ZN10STM32F4DMA18signalDMAInterruptEv
                0x0800241e        0x6 TouchGFX/build/STM32F429IDISCO/TouchGFX/target/generated/STM32DMA.o
                0x0800241e                STM32F4DMA::signalDMAInterrupt()
 .text._ZN10STM32F4DMA10initializeEv
                0x08002424       0x4c TouchGFX/build/STM32F429IDISCO/TouchGFX/target/generated/STM32DMA.o
                0x08002424                STM32F4DMA::initialize()
 .text._ZN10STM32F4DMA11getBlitCapsEv
                0x08002470        0x6 TouchGFX/build/STM32F429IDISCO/TouchGFX/target/generated/STM32DMA.o
                0x08002470                STM32F4DMA::getBlitCaps()
 *fill*         0x08002476        0x2 
 .text.DMA2D_XferCpltCallback
                0x08002478       0x10 TouchGFX/build/STM32F429IDISCO/TouchGFX/target/generated/STM32DMA.o
 .text._ZN10STM32F4DMA22getChromARTInputFormatEN8touchgfx6Bitmap12BitmapFormatE.isra.1
                0x08002488       0x40 TouchGFX/build/STM32F429IDISCO/TouchGFX/target/generated/STM32DMA.o
 .text._ZN10STM32F4DMA23getChromARTOutputFormatEN8touchgfx6Bitmap12BitmapFormatE.isra.3
                0x080024c8       0x3c TouchGFX/build/STM32F429IDISCO/TouchGFX/target/generated/STM32DMA.o
 .text._ZN10STM32F4DMA13setupDataCopyERKN8touchgfx6BlitOpE
                0x08002504      0x184 TouchGFX/build/STM32F429IDISCO/TouchGFX/target/generated/STM32DMA.o
                0x08002504                STM32F4DMA::setupDataCopy(touchgfx::BlitOp const&)
 .text._ZN10STM32F4DMA13setupDataFillERKN8touchgfx6BlitOpE
                0x08002688       0xb0 TouchGFX/build/STM32F429IDISCO/TouchGFX/target/generated/STM32DMA.o
                0x08002688                STM32F4DMA::setupDataFill(touchgfx::BlitOp const&)
 .text._ZN10STM32F4DMAD2Ev
                0x08002738       0x20 TouchGFX/build/STM32F429IDISCO/TouchGFX/target/generated/STM32DMA.o
                0x08002738                STM32F4DMA::~STM32F4DMA()
                0x08002738                STM32F4DMA::~STM32F4DMA()
 .text._ZN10STM32F4DMAD0Ev
                0x08002758       0x16 TouchGFX/build/STM32F429IDISCO/TouchGFX/target/generated/STM32DMA.o
                0x08002758                STM32F4DMA::~STM32F4DMA()
 *fill*         0x0800276e        0x2 
 .text._ZN10STM32F4DMAC2Ev
                0x08002770       0x34 TouchGFX/build/STM32F429IDISCO/TouchGFX/target/generated/STM32DMA.o
                0x08002770                STM32F4DMA::STM32F4DMA()
                0x08002770                STM32F4DMA::STM32F4DMA()
 .text._ZN8touchgfx10OSWrappers10initializeEv
                0x080027a4       0x50 TouchGFX/build/STM32F429IDISCO/TouchGFX/target/generated/OSWrappers.o
                0x080027a4                touchgfx::OSWrappers::initialize()
 .text._ZN8touchgfx10OSWrappers24takeFrameBufferSemaphoreEv
                0x080027f4       0x10 TouchGFX/build/STM32F429IDISCO/TouchGFX/target/generated/OSWrappers.o
                0x080027f4                touchgfx::OSWrappers::takeFrameBufferSemaphore()
 .text._ZN8touchgfx10OSWrappers24giveFrameBufferSemaphoreEv
                0x08002804        0xc TouchGFX/build/STM32F429IDISCO/TouchGFX/target/generated/OSWrappers.o
                0x08002804                touchgfx::OSWrappers::giveFrameBufferSemaphore()
 .text._ZN8touchgfx10OSWrappers27tryTakeFrameBufferSemaphoreEv
                0x08002810       0x10 TouchGFX/build/STM32F429IDISCO/TouchGFX/target/generated/OSWrappers.o
                0x08002810                touchgfx::OSWrappers::tryTakeFrameBufferSemaphore()
 .text._ZN8touchgfx10OSWrappers31giveFrameBufferSemaphoreFromISREv
                0x08002820        0x4 TouchGFX/build/STM32F429IDISCO/TouchGFX/target/generated/OSWrappers.o
                0x08002820                touchgfx::OSWrappers::giveFrameBufferSemaphoreFromISR()
 .text._ZN8touchgfx10OSWrappers11signalVSyncEv
                0x08002824       0x18 TouchGFX/build/STM32F429IDISCO/TouchGFX/target/generated/OSWrappers.o
                0x08002824                touchgfx::OSWrappers::signalVSync()
 .text._ZN8touchgfx10OSWrappers12waitForVSyncEv
                0x0800283c       0x28 TouchGFX/build/STM32F429IDISCO/TouchGFX/target/generated/OSWrappers.o
                0x0800283c                touchgfx::OSWrappers::waitForVSync()
 .text._ZN20STM32TouchControllerD2Ev
                0x08002864        0x2 TouchGFX/build/STM32F429IDISCO/TouchGFX/target/generated/TouchGFXConfiguration.o
                0x08002864                STM32TouchController::~STM32TouchController()
                0x08002864                STM32TouchController::~STM32TouchController()
 .text._ZN8touchgfx8LCD16bppD2Ev
                0x08002866        0x2 TouchGFX/build/STM32F429IDISCO/TouchGFX/target/generated/TouchGFXConfiguration.o
                0x08002866                touchgfx::LCD16bpp::~LCD16bpp()
                0x08002866                touchgfx::LCD16bpp::~LCD16bpp()
 .text._ZN11TouchGFXHALD2Ev
                0x08002868        0x2 TouchGFX/build/STM32F429IDISCO/TouchGFX/target/generated/TouchGFXConfiguration.o
                0x08002868                TouchGFXHAL::~TouchGFXHAL()
                0x08002868                TouchGFXHAL::~TouchGFXHAL()
 .text._ZNK8touchgfx9PartitionINS_4meta8TypeListINS_15SlideTransitionILNS_9DirectionE3EEENS2_INS1_3NilES6_EEEELt1EE8capacityEv
                0x0800286a        0x4 TouchGFX/build/STM32F429IDISCO/TouchGFX/target/generated/TouchGFXConfiguration.o
                0x0800286a                touchgfx::Partition<touchgfx::meta::TypeList<touchgfx::SlideTransition<(touchgfx::Direction)3>, touchgfx::meta::TypeList<touchgfx::meta::Nil, touchgfx::meta::Nil> >, (unsigned short)1>::capacity() const
 .text._ZN8touchgfx9PartitionINS_4meta8TypeListINS_15SlideTransitionILNS_9DirectionE3EEENS2_INS1_3NilES6_EEEELt1EE12element_sizeEv
                0x0800286e        0x4 TouchGFX/build/STM32F429IDISCO/TouchGFX/target/generated/TouchGFXConfiguration.o
                0x0800286e                touchgfx::Partition<touchgfx::meta::TypeList<touchgfx::SlideTransition<(touchgfx::Direction)3>, touchgfx::meta::TypeList<touchgfx::meta::Nil, touchgfx::meta::Nil> >, (unsigned short)1>::element_size()
 .text._ZN8touchgfx9PartitionINS_4meta8TypeListINS_15SlideTransitionILNS_9DirectionE3EEENS2_INS1_3NilES6_EEEELt1EE7elementEt
                0x08002872        0xa TouchGFX/build/STM32F429IDISCO/TouchGFX/target/generated/TouchGFXConfiguration.o
                0x08002872                touchgfx::Partition<touchgfx::meta::TypeList<touchgfx::SlideTransition<(touchgfx::Direction)3>, touchgfx::meta::TypeList<touchgfx::meta::Nil, touchgfx::meta::Nil> >, (unsigned short)1>::element(unsigned short)
 .text._ZNK8touchgfx9PartitionINS_4meta8TypeListINS_15SlideTransitionILNS_9DirectionE3EEENS2_INS1_3NilES6_EEEELt1EE7elementEt
                0x0800287c        0xa TouchGFX/build/STM32F429IDISCO/TouchGFX/target/generated/TouchGFXConfiguration.o
                0x0800287c                touchgfx::Partition<touchgfx::meta::TypeList<touchgfx::SlideTransition<(touchgfx::Direction)3>, touchgfx::meta::TypeList<touchgfx::meta::Nil, touchgfx::meta::Nil> >, (unsigned short)1>::element(unsigned short) const
 .text._ZNK8touchgfx9PartitionINS_4meta8TypeListI15MotorScreenViewNS2_INS1_3NilES4_EEEELt1EE8capacityEv
                0x08002886        0x4 TouchGFX/build/STM32F429IDISCO/TouchGFX/target/generated/TouchGFXConfiguration.o
                0x08002886                touchgfx::Partition<touchgfx::meta::TypeList<MotorScreenView, touchgfx::meta::TypeList<touchgfx::meta::Nil, touchgfx::meta::Nil> >, (unsigned short)1>::capacity() const
 .text._ZN8touchgfx9PartitionINS_4meta8TypeListI15MotorScreenViewNS2_INS1_3NilES4_EEEELt1EE12element_sizeEv
                0x0800288a        0x6 TouchGFX/build/STM32F429IDISCO/TouchGFX/target/generated/TouchGFXConfiguration.o
                0x0800288a                touchgfx::Partition<touchgfx::meta::TypeList<MotorScreenView, touchgfx::meta::TypeList<touchgfx::meta::Nil, touchgfx::meta::Nil> >, (unsigned short)1>::element_size()
 .text._ZN8touchgfx9PartitionINS_4meta8TypeListI15MotorScreenViewNS2_INS1_3NilES4_EEEELt1EE7elementEt
                0x08002890        0xc TouchGFX/build/STM32F429IDISCO/TouchGFX/target/generated/TouchGFXConfiguration.o
                0x08002890                touchgfx::Partition<touchgfx::meta::TypeList<MotorScreenView, touchgfx::meta::TypeList<touchgfx::meta::Nil, touchgfx::meta::Nil> >, (unsigned short)1>::element(unsigned short)
 .text._ZNK8touchgfx9PartitionINS_4meta8TypeListI15MotorScreenViewNS2_INS1_3NilES4_EEEELt1EE7elementEt
                0x0800289c        0xc TouchGFX/build/STM32F429IDISCO/TouchGFX/target/generated/TouchGFXConfiguration.o
                0x0800289c                touchgfx::Partition<touchgfx::meta::TypeList<MotorScreenView, touchgfx::meta::TypeList<touchgfx::meta::Nil, touchgfx::meta::Nil> >, (unsigned short)1>::element(unsigned short) const
 .text._ZNK8touchgfx9PartitionINS_4meta8TypeListI20MotorScreenPresenterNS2_INS1_3NilES4_EEEELt1EE8capacityEv
                0x080028a8        0x4 TouchGFX/build/STM32F429IDISCO/TouchGFX/target/generated/TouchGFXConfiguration.o
                0x080028a8                touchgfx::Partition<touchgfx::meta::TypeList<MotorScreenPresenter, touchgfx::meta::TypeList<touchgfx::meta::Nil, touchgfx::meta::Nil> >, (unsigned short)1>::capacity() const
 .text._ZN8touchgfx9PartitionINS_4meta8TypeListI20MotorScreenPresenterNS2_INS1_3NilES4_EEEELt1EE12element_sizeEv
                0x080028ac        0x4 TouchGFX/build/STM32F429IDISCO/TouchGFX/target/generated/TouchGFXConfiguration.o
                0x080028ac                touchgfx::Partition<touchgfx::meta::TypeList<MotorScreenPresenter, touchgfx::meta::TypeList<touchgfx::meta::Nil, touchgfx::meta::Nil> >, (unsigned short)1>::element_size()
 .text._ZN8touchgfx9PartitionINS_4meta8TypeListI20MotorScreenPresenterNS2_INS1_3NilES4_EEEELt1EE7elementEt
                0x080028b0        0x8 TouchGFX/build/STM32F429IDISCO/TouchGFX/target/generated/TouchGFXConfiguration.o
                0x080028b0                touchgfx::Partition<touchgfx::meta::TypeList<MotorScreenPresenter, touchgfx::meta::TypeList<touchgfx::meta::Nil, touchgfx::meta::Nil> >, (unsigned short)1>::element(unsigned short)
 .text._ZNK8touchgfx9PartitionINS_4meta8TypeListI20MotorScreenPresenterNS2_INS1_3NilES4_EEEELt1EE7elementEt
                0x080028b8        0x8 TouchGFX/build/STM32F429IDISCO/TouchGFX/target/generated/TouchGFXConfiguration.o
                0x080028b8                touchgfx::Partition<touchgfx::meta::TypeList<MotorScreenPresenter, touchgfx::meta::TypeList<touchgfx::meta::Nil, touchgfx::meta::Nil> >, (unsigned short)1>::element(unsigned short) const
 .text._ZN16FrontendHeapBase15gotoStartScreenER19FrontendApplication
                0x080028c0        0x6 TouchGFX/build/STM32F429IDISCO/TouchGFX/target/generated/TouchGFXConfiguration.o
                0x080028c0                FrontendHeapBase::gotoStartScreen(FrontendApplication&)
 *fill*         0x080028c6        0x2 
 .text._ZN8touchgfx9PartitionINS_4meta8TypeListINS_15SlideTransitionILNS_9DirectionE3EEENS2_INS1_3NilES6_EEEELt1EED2Ev
                0x080028c8       0x14 TouchGFX/build/STM32F429IDISCO/TouchGFX/target/generated/TouchGFXConfiguration.o
                0x080028c8                touchgfx::Partition<touchgfx::meta::TypeList<touchgfx::SlideTransition<(touchgfx::Direction)3>, touchgfx::meta::TypeList<touchgfx::meta::Nil, touchgfx::meta::Nil> >, (unsigned short)1>::~Partition()
                0x080028c8                touchgfx::Partition<touchgfx::meta::TypeList<touchgfx::SlideTransition<(touchgfx::Direction)3>, touchgfx::meta::TypeList<touchgfx::meta::Nil, touchgfx::meta::Nil> >, (unsigned short)1>::~Partition()
 .text._ZN8touchgfx9PartitionINS_4meta8TypeListINS_15SlideTransitionILNS_9DirectionE3EEENS2_INS1_3NilES6_EEEELt1EED0Ev
                0x080028dc       0x14 TouchGFX/build/STM32F429IDISCO/TouchGFX/target/generated/TouchGFXConfiguration.o
                0x080028dc                touchgfx::Partition<touchgfx::meta::TypeList<touchgfx::SlideTransition<(touchgfx::Direction)3>, touchgfx::meta::TypeList<touchgfx::meta::Nil, touchgfx::meta::Nil> >, (unsigned short)1>::~Partition()
 .text._ZN8touchgfx9PartitionINS_4meta8TypeListI15MotorScreenViewNS2_INS1_3NilES4_EEEELt1EED2Ev
                0x080028f0       0x14 TouchGFX/build/STM32F429IDISCO/TouchGFX/target/generated/TouchGFXConfiguration.o
                0x080028f0                touchgfx::Partition<touchgfx::meta::TypeList<MotorScreenView, touchgfx::meta::TypeList<touchgfx::meta::Nil, touchgfx::meta::Nil> >, (unsigned short)1>::~Partition()
                0x080028f0                touchgfx::Partition<touchgfx::meta::TypeList<MotorScreenView, touchgfx::meta::TypeList<touchgfx::meta::Nil, touchgfx::meta::Nil> >, (unsigned short)1>::~Partition()
 .text._ZN8touchgfx9PartitionINS_4meta8TypeListI15MotorScreenViewNS2_INS1_3NilES4_EEEELt1EED0Ev
                0x08002904       0x16 TouchGFX/build/STM32F429IDISCO/TouchGFX/target/generated/TouchGFXConfiguration.o
                0x08002904                touchgfx::Partition<touchgfx::meta::TypeList<MotorScreenView, touchgfx::meta::TypeList<touchgfx::meta::Nil, touchgfx::meta::Nil> >, (unsigned short)1>::~Partition()
 *fill*         0x0800291a        0x2 
 .text._ZN8touchgfx9PartitionINS_4meta8TypeListI20MotorScreenPresenterNS2_INS1_3NilES4_EEEELt1EED2Ev
                0x0800291c       0x14 TouchGFX/build/STM32F429IDISCO/TouchGFX/target/generated/TouchGFXConfiguration.o
                0x0800291c                touchgfx::Partition<touchgfx::meta::TypeList<MotorScreenPresenter, touchgfx::meta::TypeList<touchgfx::meta::Nil, touchgfx::meta::Nil> >, (unsigned short)1>::~Partition()
                0x0800291c                touchgfx::Partition<touchgfx::meta::TypeList<MotorScreenPresenter, touchgfx::meta::TypeList<touchgfx::meta::Nil, touchgfx::meta::Nil> >, (unsigned short)1>::~Partition()
 .text._ZN8touchgfx9PartitionINS_4meta8TypeListI20MotorScreenPresenterNS2_INS1_3NilES4_EEEELt1EED0Ev
                0x08002930       0x14 TouchGFX/build/STM32F429IDISCO/TouchGFX/target/generated/TouchGFXConfiguration.o
                0x08002930                touchgfx::Partition<touchgfx::meta::TypeList<MotorScreenPresenter, touchgfx::meta::TypeList<touchgfx::meta::Nil, touchgfx::meta::Nil> >, (unsigned short)1>::~Partition()
 .text._ZN12FrontendHeapD2Ev
                0x08002944       0x28 TouchGFX/build/STM32F429IDISCO/TouchGFX/target/generated/TouchGFXConfiguration.o
                0x08002944                FrontendHeap::~FrontendHeap()
                0x08002944                FrontendHeap::~FrontendHeap()
 .text._ZN12FrontendHeapD0Ev
                0x0800296c       0x16 TouchGFX/build/STM32F429IDISCO/TouchGFX/target/generated/TouchGFXConfiguration.o
                0x0800296c                FrontendHeap::~FrontendHeap()
 *fill*         0x08002982        0x2 
 .text.touchgfx_init
                0x08002984       0xec TouchGFX/build/STM32F429IDISCO/TouchGFX/target/generated/TouchGFXConfiguration.o
                0x08002984                touchgfx_init
 .text.touchgfx_taskEntry
                0x08002a70        0xc TouchGFX/build/STM32F429IDISCO/TouchGFX/target/generated/TouchGFXConfiguration.o
                0x08002a70                touchgfx_taskEntry
 .text._ZN20STM32TouchControllerD0Ev
                0x08002a7c        0xe TouchGFX/build/STM32F429IDISCO/TouchGFX/target/generated/TouchGFXConfiguration.o
                0x08002a7c                STM32TouchController::~STM32TouchController()
 .text._ZN8touchgfx8LCD16bppD0Ev
                0x08002a8a        0xe TouchGFX/build/STM32F429IDISCO/TouchGFX/target/generated/TouchGFXConfiguration.o
                0x08002a8a                touchgfx::LCD16bpp::~LCD16bpp()
 .text._ZN11TouchGFXHALD0Ev
                0x08002a98        0xe TouchGFX/build/STM32F429IDISCO/TouchGFX/target/generated/TouchGFXConfiguration.o
                0x08002a98                TouchGFXHAL::~TouchGFXHAL()
 *fill*         0x08002aa6        0x2 
 .text.startup._GLOBAL__sub_I_touchgfx_init
                0x08002aa8      0x12c TouchGFX/build/STM32F429IDISCO/TouchGFX/target/generated/TouchGFXConfiguration.o
 .text._ZN11TouchGFXHAL9taskEntryEv
                0x08002bd4       0x32 TouchGFX/build/STM32F429IDISCO/TouchGFX/target/TouchGFXHAL.o
                0x08002bd4                TouchGFXHAL::taskEntry()
 .text._ZNK11TouchGFXHAL17getTFTFrameBufferEv
                0x08002c06        0x4 TouchGFX/build/STM32F429IDISCO/TouchGFX/target/TouchGFXHAL.o
                0x08002c06                TouchGFXHAL::getTFTFrameBuffer() const
 .text._ZN11TouchGFXHAL17setTFTFrameBufferEPt
                0x08002c0a        0x4 TouchGFX/build/STM32F429IDISCO/TouchGFX/target/TouchGFXHAL.o
                0x08002c0a                TouchGFXHAL::setTFTFrameBuffer(unsigned short*)
 .text._ZN11TouchGFXHAL16flushFrameBufferERKN8touchgfx4RectE
                0x08002c0e        0x4 TouchGFX/build/STM32F429IDISCO/TouchGFX/target/TouchGFXHAL.o
                0x08002c0e                TouchGFXHAL::flushFrameBuffer(touchgfx::Rect const&)
 .text._ZN11TouchGFXHAL19configureInterruptsEv
                0x08002c12        0x4 TouchGFX/build/STM32F429IDISCO/TouchGFX/target/TouchGFXHAL.o
                0x08002c12                TouchGFXHAL::configureInterrupts()
 .text._ZN11TouchGFXHAL16enableInterruptsEv
                0x08002c16        0x4 TouchGFX/build/STM32F429IDISCO/TouchGFX/target/TouchGFXHAL.o
                0x08002c16                TouchGFXHAL::enableInterrupts()
 .text._ZN11TouchGFXHAL17disableInterruptsEv
                0x08002c1a        0x4 TouchGFX/build/STM32F429IDISCO/TouchGFX/target/TouchGFXHAL.o
                0x08002c1a                TouchGFXHAL::disableInterrupts()
 .text._ZN11TouchGFXHAL28enableLCDControllerInterruptEv
                0x08002c1e        0x4 TouchGFX/build/STM32F429IDISCO/TouchGFX/target/TouchGFXHAL.o
                0x08002c1e                TouchGFXHAL::enableLCDControllerInterrupt()
 .text._ZN11TouchGFXHAL16flushFrameBufferEv
                0x08002c22        0x4 TouchGFX/build/STM32F429IDISCO/TouchGFX/target/TouchGFXHAL.o
                0x08002c22                TouchGFXHAL::flushFrameBuffer()
 .text._ZN11TouchGFXHAL10initializeEv
                0x08002c26        0x4 TouchGFX/build/STM32F429IDISCO/TouchGFX/target/TouchGFXHAL.o
                0x08002c26                TouchGFXHAL::initialize()
 .text._ZN8touchgfx4GPIO3setENS0_7GPIO_IDE
                0x08002c2a        0x2 TouchGFX/build/STM32F429IDISCO/TouchGFX/target/TouchGFXGPIO.o
                0x08002c2a                touchgfx::GPIO::set(touchgfx::GPIO::GPIO_ID)
 .text._ZN8touchgfx4GPIO5clearENS0_7GPIO_IDE
                0x08002c2c        0x2 TouchGFX/build/STM32F429IDISCO/TouchGFX/target/TouchGFXGPIO.o
                0x08002c2c                touchgfx::GPIO::clear(touchgfx::GPIO::GPIO_ID)
 .text._ZN8touchgfx4GPIO6toggleENS0_7GPIO_IDE
                0x08002c2e        0x2 TouchGFX/build/STM32F429IDISCO/TouchGFX/target/TouchGFXGPIO.o
                0x08002c2e                touchgfx::GPIO::toggle(touchgfx::GPIO::GPIO_ID)
 .text._Z11BSP_TS_Inittt
                0x08002c30       0x44 TouchGFX/build/STM32F429IDISCO/TouchGFX/target/STM32TouchController.o
                0x08002c30                BSP_TS_Init(unsigned short, unsigned short)
 .text._ZN20STM32TouchController4initEv
                0x08002c74        0xa TouchGFX/build/STM32F429IDISCO/TouchGFX/target/STM32TouchController.o
                0x08002c74                STM32TouchController::init()
 *fill*         0x08002c7e        0x2 
 .text._Z15BSP_TS_GetStateP15TS_StateTypeDef
                0x08002c80       0xc8 TouchGFX/build/STM32F429IDISCO/TouchGFX/target/STM32TouchController.o
                0x08002c80                BSP_TS_GetState(TS_StateTypeDef*)
 .text._ZN20STM32TouchController11sampleTouchERlS0_
                0x08002d48       0x24 TouchGFX/build/STM32F429IDISCO/TouchGFX/target/STM32TouchController.o
                0x08002d48                STM32TouchController::sampleTouch(long&, long&)
 .text.SystemInit
                0x08002d6c       0x1c TouchGFX/build/STM32F429IDISCO/Core/Src/system_stm32f4xx.o
                0x08002d6c                SystemInit
 .text.HAL_InitTick
                0x08002d88       0x7c TouchGFX/build/STM32F429IDISCO/Core/Src/stm32f4xx_hal_timebase_tim.o
                0x08002d88                HAL_InitTick
 .text.SPI5_Write
                0x08002e04       0x24 TouchGFX/build/STM32F429IDISCO/Core/Src/main.o
 .text.StartTaskAnalogInput
                0x08002e28       0x12 TouchGFX/build/STM32F429IDISCO/Core/Src/main.o
                0x08002e28                StartTaskAnalogInput
 *fill*         0x08002e3a        0x2 
 .text.SystemClock_Config
                0x08002e3c       0xb8 TouchGFX/build/STM32F429IDISCO/Core/Src/main.o
                0x08002e3c                SystemClock_Config
 .text.startup.main
                0x08002ef4      0x454 TouchGFX/build/STM32F429IDISCO/Core/Src/main.o
                0x08002ef4                main
 .text.IOE_Init
                0x08003348        0x2 TouchGFX/build/STM32F429IDISCO/Core/Src/main.o
                0x08003348                IOE_Init
 .text.IOE_ITConfig
                0x0800334a        0x2 TouchGFX/build/STM32F429IDISCO/Core/Src/main.o
                0x0800334a                IOE_ITConfig
 .text.IOE_Write
                0x0800334c       0x2c TouchGFX/build/STM32F429IDISCO/Core/Src/main.o
                0x0800334c                IOE_Write
 .text.IOE_Read
                0x08003378       0x34 TouchGFX/build/STM32F429IDISCO/Core/Src/main.o
                0x08003378                IOE_Read
 .text.IOE_ReadMultiple
                0x080033ac       0x2c TouchGFX/build/STM32F429IDISCO/Core/Src/main.o
                0x080033ac                IOE_ReadMultiple
 .text.IOE_Delay
                0x080033d8        0x4 TouchGFX/build/STM32F429IDISCO/Core/Src/main.o
                0x080033d8                IOE_Delay
 .text.LCD_IO_Init
                0x080033dc       0x20 TouchGFX/build/STM32F429IDISCO/Core/Src/main.o
                0x080033dc                LCD_IO_Init
 .text.LCD_IO_WriteData
                0x080033fc       0x38 TouchGFX/build/STM32F429IDISCO/Core/Src/main.o
                0x080033fc                LCD_IO_WriteData
 .text.LCD_IO_WriteReg
                0x08003434       0x38 TouchGFX/build/STM32F429IDISCO/Core/Src/main.o
                0x08003434                LCD_IO_WriteReg
 .text.LCD_IO_ReadData
                0x0800346c       0x64 TouchGFX/build/STM32F429IDISCO/Core/Src/main.o
                0x0800346c                LCD_IO_ReadData
 .text.LCD_Delay
                0x080034d0        0x4 TouchGFX/build/STM32F429IDISCO/Core/Src/main.o
                0x080034d0                LCD_Delay
 .text.HAL_TIM_PeriodElapsedCallback
                0x080034d4       0x14 TouchGFX/build/STM32F429IDISCO/Core/Src/main.o
                0x080034d4                HAL_TIM_PeriodElapsedCallback
 .text.Error_Handler
                0x080034e8        0x2 TouchGFX/build/STM32F429IDISCO/Core/Src/main.o
                0x080034e8                Error_Handler
 .text.NMI_Handler
                0x080034ea        0x2 TouchGFX/build/STM32F429IDISCO/Core/Src/stm32f4xx_it.o
                0x080034ea                NMI_Handler
 .text.HardFault_Handler
                0x080034ec        0x2 TouchGFX/build/STM32F429IDISCO/Core/Src/stm32f4xx_it.o
                0x080034ec                HardFault_Handler
 .text.MemManage_Handler
                0x080034ee        0x2 TouchGFX/build/STM32F429IDISCO/Core/Src/stm32f4xx_it.o
                0x080034ee                MemManage_Handler
 .text.BusFault_Handler
                0x080034f0        0x2 TouchGFX/build/STM32F429IDISCO/Core/Src/stm32f4xx_it.o
                0x080034f0                BusFault_Handler
 .text.UsageFault_Handler
                0x080034f2        0x2 TouchGFX/build/STM32F429IDISCO/Core/Src/stm32f4xx_it.o
                0x080034f2                UsageFault_Handler
 .text.DebugMon_Handler
                0x080034f4        0x2 TouchGFX/build/STM32F429IDISCO/Core/Src/stm32f4xx_it.o
                0x080034f4                DebugMon_Handler
 *fill*         0x080034f6        0x2 
 .text.TIM6_DAC_IRQHandler
                0x080034f8        0xc TouchGFX/build/STM32F429IDISCO/Core/Src/stm32f4xx_it.o
                0x080034f8                TIM6_DAC_IRQHandler
 .text.DMA2_Stream0_IRQHandler
                0x08003504        0xc TouchGFX/build/STM32F429IDISCO/Core/Src/stm32f4xx_it.o
                0x08003504                DMA2_Stream0_IRQHandler
 .text.LTDC_IRQHandler
                0x08003510        0xc TouchGFX/build/STM32F429IDISCO/Core/Src/stm32f4xx_it.o
                0x08003510                LTDC_IRQHandler
 .text.DMA2D_IRQHandler
                0x0800351c        0xc TouchGFX/build/STM32F429IDISCO/Core/Src/stm32f4xx_it.o
                0x0800351c                DMA2D_IRQHandler
 .text._sbrk    0x08003528       0x34 TouchGFX/build/STM32F429IDISCO/Core/Src/sysmem.o
                0x08003528                _sbrk
 .text.HAL_MspInit
                0x0800355c       0x40 TouchGFX/build/STM32F429IDISCO/Core/Src/stm32f4xx_hal_msp.o
                0x0800355c                HAL_MspInit
 .text.HAL_ADC_MspInit
                0x0800359c       0xa4 TouchGFX/build/STM32F429IDISCO/Core/Src/stm32f4xx_hal_msp.o
                0x0800359c                HAL_ADC_MspInit
 .text.HAL_CRC_MspInit
                0x08003640       0x30 TouchGFX/build/STM32F429IDISCO/Core/Src/stm32f4xx_hal_msp.o
                0x08003640                HAL_CRC_MspInit
 .text.HAL_DMA2D_MspInit
                0x08003670       0x44 TouchGFX/build/STM32F429IDISCO/Core/Src/stm32f4xx_hal_msp.o
                0x08003670                HAL_DMA2D_MspInit
 .text.HAL_I2C_MspInit
                0x080036b4       0xb8 TouchGFX/build/STM32F429IDISCO/Core/Src/stm32f4xx_hal_msp.o
                0x080036b4                HAL_I2C_MspInit
 .text.HAL_LTDC_MspInit
                0x0800376c      0x18c TouchGFX/build/STM32F429IDISCO/Core/Src/stm32f4xx_hal_msp.o
                0x0800376c                HAL_LTDC_MspInit
 .text.HAL_SPI_MspInit
                0x080038f8       0x6c TouchGFX/build/STM32F429IDISCO/Core/Src/stm32f4xx_hal_msp.o